14:54:44 **** Build of project xsdk_tsp_bsp ****
make -k all 
Running Make include in ps7_cortexa9_0/libsrc/coresightps_dcc_v1_4/src
make -C ps7_cortexa9_0/libsrc/coresightps_dcc_v1_4/src -s include  "SHELL=/bin/sh" "COMPILER=arm-none-eabi-gcc" "ARCHIVER=arm-none-eabi-ar" "COMPILER_FLAGS=  -O2 -c" "EXTRA_COMPILER_FLAGS=-mcpu=cortex-a9 -mfpu=vfpv3 -mfloat-abi=hard -nostartfiles -Wall -Wextra"
Running Make include in ps7_cortexa9_0/libsrc/cost_func_v1_0/src
make -C ps7_cortexa9_0/libsrc/cost_func_v1_0/src -s include  "SHELL=/bin/sh" "COMPILER=arm-none-eabi-gcc" "ARCHIVER=arm-none-eabi-ar" "COMPILER_FLAGS=  -O2 -c" "EXTRA_COMPILER_FLAGS=-mcpu=cortex-a9 -mfpu=vfpv3 -mfloat-abi=hard -nostartfiles -Wall -Wextra"
Running Make include in ps7_cortexa9_0/libsrc/cpu_cortexa9_v2_4/src
make -C ps7_cortexa9_0/libsrc/cpu_cortexa9_v2_4/src -s include  "SHELL=/bin/sh" "COMPILER=arm-none-eabi-gcc" "ARCHIVER=arm-none-eabi-ar" "COMPILER_FLAGS=  -O2 -c" "EXTRA_COMPILER_FLAGS=-mcpu=cortex-a9 -mfpu=vfpv3 -mfloat-abi=hard -nostartfiles -Wall -Wextra"
Running Make include in ps7_cortexa9_0/libsrc/ddrps_v1_0/src
make -C ps7_cortexa9_0/libsrc/ddrps_v1_0/src -s include  "SHELL=/bin/sh" "COMPILER=arm-none-eabi-gcc" "ARCHIVER=arm-none-eabi-ar" "COMPILER_FLAGS=  -O2 -c" "EXTRA_COMPILER_FLAGS=-mcpu=cortex-a9 -mfpu=vfpv3 -mfloat-abi=hard -nostartfiles -Wall -Wextra"
Running Make include in ps7_cortexa9_0/libsrc/devcfg_v3_4/src
make -C ps7_cortexa9_0/libsrc/devcfg_v3_4/src -s include  "SHELL=/bin/sh" "COMPILER=arm-none-eabi-gcc" "ARCHIVER=arm-none-eabi-ar" "COMPILER_FLAGS=  -O2 -c" "EXTRA_COMPILER_FLAGS=-mcpu=cortex-a9 -mfpu=vfpv3 -mfloat-abi=hard -nostartfiles -Wall -Wextra"
Running Make include in ps7_cortexa9_0/libsrc/dmaps_v2_3/src
make -C ps7_cortexa9_0/libsrc/dmaps_v2_3/src -s include  "SHELL=/bin/sh" "COMPILER=arm-none-eabi-gcc" "ARCHIVER=arm-none-eabi-ar" "COMPILER_FLAGS=  -O2 -c" "EXTRA_COMPILER_FLAGS=-mcpu=cortex-a9 -mfpu=vfpv3 -mfloat-abi=hard -nostartfiles -Wall -Wextra"
Running Make include in ps7_cortexa9_0/libsrc/emacps_v3_4/src
make -C ps7_cortexa9_0/libsrc/emacps_v3_4/src -s include  "SHELL=/bin/sh" "COMPILER=arm-none-eabi-gcc" "ARCHIVER=arm-none-eabi-ar" "COMPILER_FLAGS=  -O2 -c" "EXTRA_COMPILER_FLAGS=-mcpu=cortex-a9 -mfpu=vfpv3 -mfloat-abi=hard -nostartfiles -Wall -Wextra"
Running Make include in ps7_cortexa9_0/libsrc/gpiops_v3_3/src
make -C ps7_cortexa9_0/libsrc/gpiops_v3_3/src -s include  "SHELL=/bin/sh" "COMPILER=arm-none-eabi-gcc" "ARCHIVER=arm-none-eabi-ar" "COMPILER_FLAGS=  -O2 -c" "EXTRA_COMPILER_FLAGS=-mcpu=cortex-a9 -mfpu=vfpv3 -mfloat-abi=hard -nostartfiles -Wall -Wextra"
Running Make include in ps7_cortexa9_0/libsrc/qspips_v3_3/src
make -C ps7_cortexa9_0/libsrc/qspips_v3_3/src -s include  "SHELL=/bin/sh" "COMPILER=arm-none-eabi-gcc" "ARCHIVER=arm-none-eabi-ar" "COMPILER_FLAGS=  -O2 -c" "EXTRA_COMPILER_FLAGS=-mcpu=cortex-a9 -mfpu=vfpv3 -mfloat-abi=hard -nostartfiles -Wall -Wextra"
Running Make include in ps7_cortexa9_0/libsrc/scugic_v3_7/src
make -C ps7_cortexa9_0/libsrc/scugic_v3_7/src -s include  "SHELL=/bin/sh" "COMPILER=arm-none-eabi-gcc" "ARCHIVER=arm-none-eabi-ar" "COMPILER_FLAGS=  -O2 -c" "EXTRA_COMPILER_FLAGS=-mcpu=cortex-a9 -mfpu=vfpv3 -mfloat-abi=hard -nostartfiles -Wall -Wextra"
Running Make include in ps7_cortexa9_0/libsrc/scutimer_v2_1/src
make -C ps7_cortexa9_0/libsrc/scutimer_v2_1/src -s include  "SHELL=/bin/sh" "COMPILER=arm-none-eabi-gcc" "ARCHIVER=arm-none-eabi-ar" "COMPILER_FLAGS=  -O2 -c" "EXTRA_COMPILER_FLAGS=-mcpu=cortex-a9 -mfpu=vfpv3 -mfloat-abi=hard -nostartfiles -Wall -Wextra"
Running Make include in ps7_cortexa9_0/libsrc/scuwdt_v2_1/src
make -C ps7_cortexa9_0/libsrc/scuwdt_v2_1/src -s include  "SHELL=/bin/sh" "COMPILER=arm-none-eabi-gcc" "ARCHIVER=arm-none-eabi-ar" "COMPILER_FLAGS=  -O2 -c" "EXTRA_COMPILER_FLAGS=-mcpu=cortex-a9 -mfpu=vfpv3 -mfloat-abi=hard -nostartfiles -Wall -Wextra"
Running Make include in ps7_cortexa9_0/libsrc/sdps_v3_2/src
make -C ps7_cortexa9_0/libsrc/sdps_v3_2/src -s include  "SHELL=/bin/sh" "COMPILER=arm-none-eabi-gcc" "ARCHIVER=arm-none-eabi-ar" "COMPILER_FLAGS=  -O2 -c" "EXTRA_COMPILER_FLAGS=-mcpu=cortex-a9 -mfpu=vfpv3 -mfloat-abi=hard -nostartfiles -Wall -Wextra"
Running Make include in ps7_cortexa9_0/libsrc/standalone_v6_3/src
make -C ps7_cortexa9_0/libsrc/standalone_v6_3/src -s include  "SHELL=/bin/sh" "COMPILER=arm-none-eabi-gcc" "ARCHIVER=arm-none-eabi-ar" "COMPILER_FLAGS=  -O2 -c" "EXTRA_COMPILER_FLAGS=-mcpu=cortex-a9 -mfpu=vfpv3 -mfloat-abi=hard -nostartfiles -Wall -Wextra"
Running Make include in ps7_cortexa9_0/libsrc/ttcps_v3_3/src
make -C ps7_cortexa9_0/libsrc/ttcps_v3_3/src -s include  "SHELL=/bin/sh" "COMPILER=arm-none-eabi-gcc" "ARCHIVER=arm-none-eabi-ar" "COMPILER_FLAGS=  -O2 -c" "EXTRA_COMPILER_FLAGS=-mcpu=cortex-a9 -mfpu=vfpv3 -mfloat-abi=hard -nostartfiles -Wall -Wextra"
Running Make include in ps7_cortexa9_0/libsrc/uartps_v3_4/src
make -C ps7_cortexa9_0/libsrc/uartps_v3_4/src -s include  "SHELL=/bin/sh" "COMPILER=arm-none-eabi-gcc" "ARCHIVER=arm-none-eabi-ar" "COMPILER_FLAGS=  -O2 -c" "EXTRA_COMPILER_FLAGS=-mcpu=cortex-a9 -mfpu=vfpv3 -mfloat-abi=hard -nostartfiles -Wall -Wextra"
Running Make include in ps7_cortexa9_0/libsrc/usbps_v2_4/src
make -C ps7_cortexa9_0/libsrc/usbps_v2_4/src -s include  "SHELL=/bin/sh" "COMPILER=arm-none-eabi-gcc" "ARCHIVER=arm-none-eabi-ar" "COMPILER_FLAGS=  -O2 -c" "EXTRA_COMPILER_FLAGS=-mcpu=cortex-a9 -mfpu=vfpv3 -mfloat-abi=hard -nostartfiles -Wall -Wextra"
Running Make include in ps7_cortexa9_0/libsrc/xadcps_v2_2/src
make -C ps7_cortexa9_0/libsrc/xadcps_v2_2/src -s include  "SHELL=/bin/sh" "COMPILER=arm-none-eabi-gcc" "ARCHIVER=arm-none-eabi-ar" "COMPILER_FLAGS=  -O2 -c" "EXTRA_COMPILER_FLAGS=-mcpu=cortex-a9 -mfpu=vfpv3 -mfloat-abi=hard -nostartfiles -Wall -Wextra"
Running Make libs in ps7_cortexa9_0/libsrc/coresightps_dcc_v1_4/src
make -C ps7_cortexa9_0/libsrc/coresightps_dcc_v1_4/src -s libs  "SHELL=/bin/sh" "COMPILER=arm-none-eabi-gcc" "ARCHIVER=arm-none-eabi-ar" "COMPILER_FLAGS=  -O2 -c" "EXTRA_COMPILER_FLAGS=-mcpu=cortex-a9 -mfpu=vfpv3 -mfloat-abi=hard -nostartfiles -Wall -Wextra"
Compiling coresightps_dcc
arm-none-eabi-ar: creating ../../../lib/libxil.a
Running Make libs in ps7_cortexa9_0/libsrc/cost_func_v1_0/src
make -C ps7_cortexa9_0/libsrc/cost_func_v1_0/src -s libs  "SHELL=/bin/sh" "COMPILER=arm-none-eabi-gcc" "ARCHIVER=arm-none-eabi-ar" "COMPILER_FLAGS=  -O2 -c" "EXTRA_COMPILER_FLAGS=-mcpu=cortex-a9 -mfpu=vfpv3 -mfloat-abi=hard -nostartfiles -Wall -Wextra"
Compiling cost_func
Running Make libs in ps7_cortexa9_0/libsrc/cpu_cortexa9_v2_4/src
make -C ps7_cortexa9_0/libsrc/cpu_cortexa9_v2_4/src -s libs  "SHELL=/bin/sh" "COMPILER=arm-none-eabi-gcc" "ARCHIVER=arm-none-eabi-ar" "COMPILER_FLAGS=  -O2 -c" "EXTRA_COMPILER_FLAGS=-mcpu=cortex-a9 -mfpu=vfpv3 -mfloat-abi=hard -nostartfiles -Wall -Wextra"
Compiling cpu_cortexa9
Running Make libs in ps7_cortexa9_0/libsrc/ddrps_v1_0/src
make -C ps7_cortexa9_0/libsrc/ddrps_v1_0/src -s libs  "SHELL=/bin/sh" "COMPILER=arm-none-eabi-gcc" "ARCHIVER=arm-none-eabi-ar" "COMPILER_FLAGS=  -O2 -c" "EXTRA_COMPILER_FLAGS=-mcpu=cortex-a9 -mfpu=vfpv3 -mfloat-abi=hard -nostartfiles -Wall -Wextra"
Compiling ddrps
Running Make libs in ps7_cortexa9_0/libsrc/devcfg_v3_4/src
make -C ps7_cortexa9_0/libsrc/devcfg_v3_4/src -s libs  "SHELL=/bin/sh" "COMPILER=arm-none-eabi-gcc" "ARCHIVER=arm-none-eabi-ar" "COMPILER_FLAGS=  -O2 -c" "EXTRA_COMPILER_FLAGS=-mcpu=cortex-a9 -mfpu=vfpv3 -mfloat-abi=hard -nostartfiles -Wall -Wextra"
Compiling devcfg
Running Make libs in ps7_cortexa9_0/libsrc/dmaps_v2_3/src
make -C ps7_cortexa9_0/libsrc/dmaps_v2_3/src -s libs  "SHELL=/bin/sh" "COMPILER=arm-none-eabi-gcc" "ARCHIVER=arm-none-eabi-ar" "COMPILER_FLAGS=  -O2 -c" "EXTRA_COMPILER_FLAGS=-mcpu=cortex-a9 -mfpu=vfpv3 -mfloat-abi=hard -nostartfiles -Wall -Wextra"
Compiling dmaps
Running Make libs in ps7_cortexa9_0/libsrc/emacps_v3_4/src
make -C ps7_cortexa9_0/libsrc/emacps_v3_4/src -s libs  "SHELL=/bin/sh" "COMPILER=arm-none-eabi-gcc" "ARCHIVER=arm-none-eabi-ar" "COMPILER_FLAGS=  -O2 -c" "EXTRA_COMPILER_FLAGS=-mcpu=cortex-a9 -mfpu=vfpv3 -mfloat-abi=hard -nostartfiles -Wall -Wextra"
Compiling emacps
Running Make libs in ps7_cortexa9_0/libsrc/gpiops_v3_3/src
make -C ps7_cortexa9_0/libsrc/gpiops_v3_3/src -s libs  "SHELL=/bin/sh" "COMPILER=arm-none-eabi-gcc" "ARCHIVER=arm-none-eabi-ar" "COMPILER_FLAGS=  -O2 -c" "EXTRA_COMPILER_FLAGS=-mcpu=cortex-a9 -mfpu=vfpv3 -mfloat-abi=hard -nostartfiles -Wall -Wextra"
Compiling gpiops
Running Make libs in ps7_cortexa9_0/libsrc/qspips_v3_3/src
make -C ps7_cortexa9_0/libsrc/qspips_v3_3/src -s libs  "SHELL=/bin/sh" "COMPILER=arm-none-eabi-gcc" "ARCHIVER=arm-none-eabi-ar" "COMPILER_FLAGS=  -O2 -c" "EXTRA_COMPILER_FLAGS=-mcpu=cortex-a9 -mfpu=vfpv3 -mfloat-abi=hard -nostartfiles -Wall -Wextra"
Compiling qspips
Running Make libs in ps7_cortexa9_0/libsrc/scugic_v3_7/src
make -C ps7_cortexa9_0/libsrc/scugic_v3_7/src -s libs  "SHELL=/bin/sh" "COMPILER=arm-none-eabi-gcc" "ARCHIVER=arm-none-eabi-ar" "COMPILER_FLAGS=  -O2 -c" "EXTRA_COMPILER_FLAGS=-mcpu=cortex-a9 -mfpu=vfpv3 -mfloat-abi=hard -nostartfiles -Wall -Wextra"
Compiling scugic
xscugic_g.c:53:2: warning: missing initializer for field 'HandlerTable' of 'XScuGic_Config {aka struct <anonymous>}' [-Wmissing-field-initializers]
  }
  ^
In file included from xscugic_g.c:41:0:
xscugic.h:218:27: note: 'HandlerTable' declared here
  XScuGic_VectorTableEntry HandlerTable[XSCUGIC_MAX_NUM_INTR_INPUTS];/**<
                           ^~~~~~~~~~~~
Running Make libs in ps7_cortexa9_0/libsrc/scutimer_v2_1/src
make -C ps7_cortexa9_0/libsrc/scutimer_v2_1/src -s libs  "SHELL=/bin/sh" "COMPILER=arm-none-eabi-gcc" "ARCHIVER=arm-none-eabi-ar" "COMPILER_FLAGS=  -O2 -c" "EXTRA_COMPILER_FLAGS=-mcpu=cortex-a9 -mfpu=vfpv3 -mfloat-abi=hard -nostartfiles -Wall -Wextra"
Compiling scutimer
Running Make libs in ps7_cortexa9_0/libsrc/scuwdt_v2_1/src
make -C ps7_cortexa9_0/libsrc/scuwdt_v2_1/src -s libs  "SHELL=/bin/sh" "COMPILER=arm-none-eabi-gcc" "ARCHIVER=arm-none-eabi-ar" "COMPILER_FLAGS=  -O2 -c" "EXTRA_COMPILER_FLAGS=-mcpu=cortex-a9 -mfpu=vfpv3 -mfloat-abi=hard -nostartfiles -Wall -Wextra"
Compiling scuwdt
Running Make libs in ps7_cortexa9_0/libsrc/sdps_v3_2/src
make -C ps7_cortexa9_0/libsrc/sdps_v3_2/src -s libs  "SHELL=/bin/sh" "COMPILER=arm-none-eabi-gcc" "ARCHIVER=arm-none-eabi-ar" "COMPILER_FLAGS=  -O2 -c" "EXTRA_COMPILER_FLAGS=-mcpu=cortex-a9 -mfpu=vfpv3 -mfloat-abi=hard -nostartfiles -Wall -Wextra"
Compiling sdps
Running Make libs in ps7_cortexa9_0/libsrc/standalone_v6_3/src
make -C ps7_cortexa9_0/libsrc/standalone_v6_3/src -s libs  "SHELL=/bin/sh" "COMPILER=arm-none-eabi-gcc" "ARCHIVER=arm-none-eabi-ar" "COMPILER_FLAGS=  -O2 -c" "EXTRA_COMPILER_FLAGS=-mcpu=cortex-a9 -mfpu=vfpv3 -mfloat-abi=hard -nostartfiles -Wall -Wextra"
Compiling standalone
Running Make libs in ps7_cortexa9_0/libsrc/ttcps_v3_3/src
make -C ps7_cortexa9_0/libsrc/ttcps_v3_3/src -s libs  "SHELL=/bin/sh" "COMPILER=arm-none-eabi-gcc" "ARCHIVER=arm-none-eabi-ar" "COMPILER_FLAGS=  -O2 -c" "EXTRA_COMPILER_FLAGS=-mcpu=cortex-a9 -mfpu=vfpv3 -mfloat-abi=hard -nostartfiles -Wall -Wextra"
Compiling ttcps
Running Make libs in ps7_cortexa9_0/libsrc/uartps_v3_4/src
make -C ps7_cortexa9_0/libsrc/uartps_v3_4/src -s libs  "SHELL=/bin/sh" "COMPILER=arm-none-eabi-gcc" "ARCHIVER=arm-none-eabi-ar" "COMPILER_FLAGS=  -O2 -c" "EXTRA_COMPILER_FLAGS=-mcpu=cortex-a9 -mfpu=vfpv3 -mfloat-abi=hard -nostartfiles -Wall -Wextra"
Compiling uartps
Running Make libs in ps7_cortexa9_0/libsrc/usbps_v2_4/src
make -C ps7_cortexa9_0/libsrc/usbps_v2_4/src -s libs  "SHELL=/bin/sh" "COMPILER=arm-none-eabi-gcc" "ARCHIVER=arm-none-eabi-ar" "COMPILER_FLAGS=  -O2 -c" "EXTRA_COMPILER_FLAGS=-mcpu=cortex-a9 -mfpu=vfpv3 -mfloat-abi=hard -nostartfiles -Wall -Wextra"
Compiling usbps
Running Make libs in ps7_cortexa9_0/libsrc/xadcps_v2_2/src
make -C ps7_cortexa9_0/libsrc/xadcps_v2_2/src -s libs  "SHELL=/bin/sh" "COMPILER=arm-none-eabi-gcc" "ARCHIVER=arm-none-eabi-ar" "COMPILER_FLAGS=  -O2 -c" "EXTRA_COMPILER_FLAGS=-mcpu=cortex-a9 -mfpu=vfpv3 -mfloat-abi=hard -nostartfiles -Wall -Wextra"
Compiling xadcps
Finished building libraries
14:54:57 **** Build of configuration Debug for project xsdk_tsp ****
make pre-build main-build 
a9-linaro-pre-build-step
 
Building file: ../src/helloworld.c
Invoking: ARM v7 gcc compiler
arm-none-eabi-gcc -Wall -O0 -g3 -c -fmessage-length=0 -MT"src/helloworld.o" -mcpu=cortex-a9 -mfpu=vfpv3 -mfloat-abi=hard -I../../xsdk_tsp_bsp/ps7_cortexa9_0/include -MMD -MP -MF"src/helloworld.d" -MT"src/helloworld.o" -o "src/helloworld.o" "../src/helloworld.c"
Finished building: ../src/helloworld.c
 
Building file: ../src/platform.c
Invoking: ARM v7 gcc compiler
arm-none-eabi-gcc -Wall -O0 -g3 -c -fmessage-length=0 -MT"src/platform.o" -mcpu=cortex-a9 -mfpu=vfpv3 -mfloat-abi=hard -I../../xsdk_tsp_bsp/ps7_cortexa9_0/include -MMD -MP -MF"src/platform.d" -MT"src/platform.o" -o "src/platform.o" "../src/platform.c"
Finished building: ../src/platform.c
 
Building target: xsdk_tsp.elf
Invoking: ARM v7 gcc linker
arm-none-eabi-gcc -mcpu=cortex-a9 -mfpu=vfpv3 -mfloat-abi=hard -Wl,-build-id=none -specs=Xilinx.spec -Wl,-T -Wl,../src/lscript.ld -L../../xsdk_tsp_bsp/ps7_cortexa9_0/lib -o "xsdk_tsp.elf"  ./src/helloworld.o ./src/platform.o   -Wl,--start-group,-lxil,-lgcc,-lc,--end-group
Finished building target: xsdk_tsp.elf
 
Invoking: ARM v7 Print Size
arm-none-eabi-size xsdk_tsp.elf  |tee "xsdk_tsp.elf.size"
   text	   data	    bss	    dec	    hex	filename
  19384	   1148	  22568	  43100	   a85c	xsdk_tsp.elf
Finished building: xsdk_tsp.elf.size
 
14:56:00 **** Auto Build of configuration Debug for project xsdk_tsp ****
make pre-build main-build 
a9-linaro-pre-build-step
 
Building file: ../src/helloworld.c
Invoking: ARM v7 gcc compiler
arm-none-eabi-gcc -Wall -O0 -g3 -c -fmessage-length=0 -MT"src/helloworld.o" -mcpu=cortex-a9 -mfpu=vfpv3 -mfloat-abi=hard -I../../xsdk_tsp_bsp/ps7_cortexa9_0/include -MMD -MP -MF"src/helloworld.d" -MT"src/helloworld.o" -o "src/helloworld.o" "../src/helloworld.c"
../src/helloworld.c:54:1: error: unknown type name 'XTtp_calculate_value_Config'
 XTtp_calculate_value_Config* xfe_cfg;
 ^~~~~~~~~~~~~~~~~~~~~~~~~~~
../src/helloworld.c:55:1: error: unknown type name 'XTtp_calculate_value'
 XTtp_calculate_value xfe;
 ^~~~~~~~~~~~~~~~~~~~
../src/helloworld.c: In function 'main':
../src/helloworld.c:68:12: warning: implicit declaration of function 'XTtp_calculate_value_LookupConfig' [-Wimplicit-function-declaration]
  xfe_cfg = XTtp_calculate_value_LookupConfig(0);
            ^~~~~~~~~~~~~~~~~~~~~~~~~~~~~~~~~
../src/helloworld.c:68:10: warning: assignment makes pointer from integer without a cast [-Wint-conversion]
  xfe_cfg = XTtp_calculate_value_LookupConfig(0);
          ^
../src/helloworld.c:69:2: warning: implicit declaration of function 'XTtp_calculate_value_CfgInitialize' [-Wimplicit-function-declaration]
  XTtp_calculate_value_CfgInitialize(&xfe, xfe_cfg);
  ^~~~~~~~~~~~~~~~~~~~~~~~~~~~~~~~~~
../src/helloworld.c:71:2: warning: implicit declaration of function 'XTtp_calculate_value_DisableAutoRestart' [-Wimplicit-function-declaration]
  XTtp_calculate_value_DisableAutoRestart(&xfe);
  ^~~~~~~~~~~~~~~~~~~~~~~~~~~~~~~~~~~~~~~
../src/helloworld.c:72:2: warning: implicit declaration of function 'XTtp_calculate_value_InterruptGlobalDisable' [-Wimplicit-function-declaration]
  XTtp_calculate_value_InterruptGlobalDisable(&xfe);
  ^~~~~~~~~~~~~~~~~~~~~~~~~~~~~~~~~~~~~~~~~~~
../src/helloworld.c:146:2: warning: implicit declaration of function 'XTtp_calculate_value_Set_itemValor' [-Wimplicit-function-declaration]
  XTtp_calculate_value_Set_itemValor(&xfe, itemValor);
  ^~~~~~~~~~~~~~~~~~~~~~~~~~~~~~~~~~
../src/helloworld.c:147:2: warning: implicit declaration of function 'XTtp_calculate_value_Set_itemPeso' [-Wimplicit-function-declaration]
  XTtp_calculate_value_Set_itemPeso(&xfe, itemPeso);
  ^~~~~~~~~~~~~~~~~~~~~~~~~~~~~~~~~
../src/helloworld.c:149:2: warning: implicit declaration of function 'XTtp_calculate_value_Set_inicioItensCidade' [-Wimplicit-function-declaration]
  XTtp_calculate_value_Set_inicioItensCidade(&xfe, inicioItensCidade);
  ^~~~~~~~~~~~~~~~~~~~~~~~~~~~~~~~~~~~~~~~~~
../src/helloworld.c:150:2: warning: implicit declaration of function 'XTtp_calculate_value_Set_indiceItemCidade' [-Wimplicit-function-declaration]
  XTtp_calculate_value_Set_indiceItemCidade(&xfe, indiceItemCidade);
  ^~~~~~~~~~~~~~~~~~~~~~~~~~~~~~~~~~~~~~~~~
../src/helloworld.c:152:2: warning: implicit declaration of function 'XTtp_calculate_value_Set_pontoX' [-Wimplicit-function-declaration]
  XTtp_calculate_value_Set_pontoX(&xfe, pontoX);
  ^~~~~~~~~~~~~~~~~~~~~~~~~~~~~~~
../src/helloworld.c:153:2: warning: implicit declaration of function 'XTtp_calculate_value_Set_pontoY' [-Wimplicit-function-declaration]
  XTtp_calculate_value_Set_pontoY(&xfe, pontoY);
  ^~~~~~~~~~~~~~~~~~~~~~~~~~~~~~~
../src/helloworld.c:155:2: warning: implicit declaration of function 'XTtp_calculate_value_Set_percurso' [-Wimplicit-function-declaration]
  XTtp_calculate_value_Set_percurso(&xfe, percurso);
  ^~~~~~~~~~~~~~~~~~~~~~~~~~~~~~~~~
../src/helloworld.c:156:2: warning: implicit declaration of function 'XTtp_calculate_value_Set_mochila' [-Wimplicit-function-declaration]
  XTtp_calculate_value_Set_mochila(&xfe, mochila);
  ^~~~~~~~~~~~~~~~~~~~~~~~~~~~~~~~
../src/helloworld.c:158:2: warning: implicit declaration of function 'XTtp_calculate_value_Set_quantidadeCidades' [-Wimplicit-function-declaration]
  XTtp_calculate_value_Set_quantidadeCidades(&xfe, quantidadeCidades);
  ^~~~~~~~~~~~~~~~~~~~~~~~~~~~~~~~~~~~~~~~~~
../src/helloworld.c:159:2: warning: implicit declaration of function 'XTtp_calculate_value_Set_quantidadeItens' [-Wimplicit-function-declaration]
  XTtp_calculate_value_Set_quantidadeItens(&xfe, quantidadeItens);
  ^~~~~~~~~~~~~~~~~~~~~~~~~~~~~~~~~~~~~~~~
../src/helloworld.c:160:2: warning: implicit declaration of function 'XTtp_calculate_value_Set_capacidadeMochila' [-Wimplicit-function-declaration]
  XTtp_calculate_value_Set_capacidadeMochila(&xfe, capacidadeMochila);
  ^~~~~~~~~~~~~~~~~~~~~~~~~~~~~~~~~~~~~~~~~~
../src/helloworld.c:162:2: warning: implicit declaration of function 'XTtp_calculate_value_Set_velocidadeMaxima' [-Wimplicit-function-declaration]
  XTtp_calculate_value_Set_velocidadeMaxima(&xfe, *((u64*)&velocidadeMaxima));
  ^~~~~~~~~~~~~~~~~~~~~~~~~~~~~~~~~~~~~~~~~
../src/helloworld.c:163:2: warning: implicit declaration of function 'XTtp_calculate_value_Set_velocidadeMinima' [-Wimplicit-function-declaration]
  XTtp_calculate_value_Set_velocidadeMinima(&xfe, *((u64*)&velocidadeMinima));
  ^~~~~~~~~~~~~~~~~~~~~~~~~~~~~~~~~~~~~~~~~
../src/helloworld.c:164:2: warning: implicit declaration of function 'XTtp_calculate_value_Set_aluguel' [-Wimplicit-function-declaration]
  XTtp_calculate_value_Set_aluguel(&xfe, *((u64*)&aluguel));
  ^~~~~~~~~~~~~~~~~~~~~~~~~~~~~~~~
../src/helloworld.c:172:2: warning: implicit declaration of function 'XTtp_calculate_value_Set_resposta' [-Wimplicit-function-declaration]
  XTtp_calculate_value_Set_resposta(&xfe, *((u64*)&resposta));
  ^~~~~~~~~~~~~~~~~~~~~~~~~~~~~~~~~
../src/helloworld.c:176:2: warning: implicit declaration of function 'XTtp_calculate_value_Start' [-Wimplicit-function-declaration]
  XTtp_calculate_value_Start(&xfe);
  ^~~~~~~~~~~~~~~~~~~~~~~~~~
../src/helloworld.c:179:10: warning: implicit declaration of function 'XTtp_calculate_value_IsIdle' [-Wimplicit-function-declaration]
  while (!XTtp_calculate_value_IsIdle(&xfe));
          ^~~~~~~~~~~~~~~~~~~~~~~~~~~
../src/helloworld.c:183:10: warning: implicit declaration of function 'XTtp_calculate_value_Get_resposta' [-Wimplicit-function-declaration]
  u64 r = XTtp_calculate_value_Get_resposta(&xfe);
          ^~~~~~~~~~~~~~~~~~~~~~~~~~~~~~~~~
../src/helloworld.c:190:11: warning: implicit declaration of function 'XTtp_calculate_value_Get_aluguel' [-Wimplicit-function-declaration]
  u64 r2 = XTtp_calculate_value_Get_aluguel(&xfe);
           ^~~~~~~~~~~~~~~~~~~~~~~~~~~~~~~~
make: *** [src/helloworld.o] Error 1
14:56:50 **** Auto Build of configuration Debug for project xsdk_tsp ****
make pre-build main-build 
a9-linaro-pre-build-step
 
Building file: ../src/helloworld.c
Invoking: ARM v7 gcc compiler
arm-none-eabi-gcc -Wall -O0 -g3 -c -fmessage-length=0 -MT"src/helloworld.o" -mcpu=cortex-a9 -mfpu=vfpv3 -mfloat-abi=hard -I../../xsdk_tsp_bsp/ps7_cortexa9_0/include -MMD -MP -MF"src/helloworld.d" -MT"src/helloworld.o" -o "src/helloworld.o" "../src/helloworld.c"
../src/helloworld.c: In function 'main':
../src/helloworld.c:69:12: warning: implicit declaration of function 'XTtp_calculate_value_LookupConfig' [-Wimplicit-function-declaration]
  xfe_cfg = XTtp_calculate_value_LookupConfig(0);
            ^~~~~~~~~~~~~~~~~~~~~~~~~~~~~~~~~
../src/helloworld.c:69:10: warning: assignment makes pointer from integer without a cast [-Wint-conversion]
  xfe_cfg = XTtp_calculate_value_LookupConfig(0);
          ^
../src/helloworld.c:70:2: warning: implicit declaration of function 'XTtp_calculate_value_CfgInitialize' [-Wimplicit-function-declaration]
  XTtp_calculate_value_CfgInitialize(&xfe, xfe_cfg);
  ^~~~~~~~~~~~~~~~~~~~~~~~~~~~~~~~~~
../src/helloworld.c:72:2: warning: implicit declaration of function 'XTtp_calculate_value_DisableAutoRestart' [-Wimplicit-function-declaration]
  XTtp_calculate_value_DisableAutoRestart(&xfe);
  ^~~~~~~~~~~~~~~~~~~~~~~~~~~~~~~~~~~~~~~
../src/helloworld.c:73:2: warning: implicit declaration of function 'XTtp_calculate_value_InterruptGlobalDisable' [-Wimplicit-function-declaration]
  XTtp_calculate_value_InterruptGlobalDisable(&xfe);
  ^~~~~~~~~~~~~~~~~~~~~~~~~~~~~~~~~~~~~~~~~~~
../src/helloworld.c:147:2: warning: implicit declaration of function 'XTtp_calculate_value_Set_itemValor' [-Wimplicit-function-declaration]
  XTtp_calculate_value_Set_itemValor(&xfe, itemValor);
  ^~~~~~~~~~~~~~~~~~~~~~~~~~~~~~~~~~
../src/helloworld.c:148:2: warning: implicit declaration of function 'XTtp_calculate_value_Set_itemPeso' [-Wimplicit-function-declaration]
  XTtp_calculate_value_Set_itemPeso(&xfe, itemPeso);
  ^~~~~~~~~~~~~~~~~~~~~~~~~~~~~~~~~
../src/helloworld.c:150:2: warning: implicit declaration of function 'XTtp_calculate_value_Set_inicioItensCidade' [-Wimplicit-function-declaration]
  XTtp_calculate_value_Set_inicioItensCidade(&xfe, inicioItensCidade);
  ^~~~~~~~~~~~~~~~~~~~~~~~~~~~~~~~~~~~~~~~~~
../src/helloworld.c:151:2: warning: implicit declaration of function 'XTtp_calculate_value_Set_indiceItemCidade' [-Wimplicit-function-declaration]
  XTtp_calculate_value_Set_indiceItemCidade(&xfe, indiceItemCidade);
  ^~~~~~~~~~~~~~~~~~~~~~~~~~~~~~~~~~~~~~~~~
../src/helloworld.c:153:2: warning: implicit declaration of function 'XTtp_calculate_value_Set_pontoX' [-Wimplicit-function-declaration]
  XTtp_calculate_value_Set_pontoX(&xfe, pontoX);
  ^~~~~~~~~~~~~~~~~~~~~~~~~~~~~~~
../src/helloworld.c:154:2: warning: implicit declaration of function 'XTtp_calculate_value_Set_pontoY' [-Wimplicit-function-declaration]
  XTtp_calculate_value_Set_pontoY(&xfe, pontoY);
  ^~~~~~~~~~~~~~~~~~~~~~~~~~~~~~~
../src/helloworld.c:156:2: warning: implicit declaration of function 'XTtp_calculate_value_Set_percurso' [-Wimplicit-function-declaration]
  XTtp_calculate_value_Set_percurso(&xfe, percurso);
  ^~~~~~~~~~~~~~~~~~~~~~~~~~~~~~~~~
../src/helloworld.c:157:2: warning: implicit declaration of function 'XTtp_calculate_value_Set_mochila' [-Wimplicit-function-declaration]
  XTtp_calculate_value_Set_mochila(&xfe, mochila);
  ^~~~~~~~~~~~~~~~~~~~~~~~~~~~~~~~
../src/helloworld.c:159:2: warning: implicit declaration of function 'XTtp_calculate_value_Set_quantidadeCidades' [-Wimplicit-function-declaration]
  XTtp_calculate_value_Set_quantidadeCidades(&xfe, quantidadeCidades);
  ^~~~~~~~~~~~~~~~~~~~~~~~~~~~~~~~~~~~~~~~~~
../src/helloworld.c:160:2: warning: implicit declaration of function 'XTtp_calculate_value_Set_quantidadeItens' [-Wimplicit-function-declaration]
  XTtp_calculate_value_Set_quantidadeItens(&xfe, quantidadeItens);
  ^~~~~~~~~~~~~~~~~~~~~~~~~~~~~~~~~~~~~~~~
../src/helloworld.c:161:2: warning: implicit declaration of function 'XTtp_calculate_value_Set_capacidadeMochila' [-Wimplicit-function-declaration]
  XTtp_calculate_value_Set_capacidadeMochila(&xfe, capacidadeMochila);
  ^~~~~~~~~~~~~~~~~~~~~~~~~~~~~~~~~~~~~~~~~~
../src/helloworld.c:163:2: warning: implicit declaration of function 'XTtp_calculate_value_Set_velocidadeMaxima' [-Wimplicit-function-declaration]
  XTtp_calculate_value_Set_velocidadeMaxima(&xfe, *((u64*)&velocidadeMaxima));
  ^~~~~~~~~~~~~~~~~~~~~~~~~~~~~~~~~~~~~~~~~
../src/helloworld.c:164:2: warning: implicit declaration of function 'XTtp_calculate_value_Set_velocidadeMinima' [-Wimplicit-function-declaration]
  XTtp_calculate_value_Set_velocidadeMinima(&xfe, *((u64*)&velocidadeMinima));
  ^~~~~~~~~~~~~~~~~~~~~~~~~~~~~~~~~~~~~~~~~
../src/helloworld.c:165:2: warning: implicit declaration of function 'XTtp_calculate_value_Set_aluguel' [-Wimplicit-function-declaration]
  XTtp_calculate_value_Set_aluguel(&xfe, *((u64*)&aluguel));
  ^~~~~~~~~~~~~~~~~~~~~~~~~~~~~~~~
../src/helloworld.c:173:2: warning: implicit declaration of function 'XTtp_calculate_value_Set_resposta' [-Wimplicit-function-declaration]
  XTtp_calculate_value_Set_resposta(&xfe, *((u64*)&resposta));
  ^~~~~~~~~~~~~~~~~~~~~~~~~~~~~~~~~
../src/helloworld.c:177:2: warning: implicit declaration of function 'XTtp_calculate_value_Start' [-Wimplicit-function-declaration]
  XTtp_calculate_value_Start(&xfe);
  ^~~~~~~~~~~~~~~~~~~~~~~~~~
../src/helloworld.c:180:10: warning: implicit declaration of function 'XTtp_calculate_value_IsIdle' [-Wimplicit-function-declaration]
  while (!XTtp_calculate_value_IsIdle(&xfe));
          ^~~~~~~~~~~~~~~~~~~~~~~~~~~
../src/helloworld.c:184:10: warning: implicit declaration of function 'XTtp_calculate_value_Get_resposta' [-Wimplicit-function-declaration]
  u64 r = XTtp_calculate_value_Get_resposta(&xfe);
          ^~~~~~~~~~~~~~~~~~~~~~~~~~~~~~~~~
../src/helloworld.c:191:11: warning: implicit declaration of function 'XTtp_calculate_value_Get_aluguel' [-Wimplicit-function-declaration]
  u64 r2 = XTtp_calculate_value_Get_aluguel(&xfe);
           ^~~~~~~~~~~~~~~~~~~~~~~~~~~~~~~~
Finished building: ../src/helloworld.c
 
Building target: xsdk_tsp.elf
Invoking: ARM v7 gcc linker
arm-none-eabi-gcc -mcpu=cortex-a9 -mfpu=vfpv3 -mfloat-abi=hard -Wl,-build-id=none -specs=Xilinx.spec -Wl,-T -Wl,../src/lscript.ld -L../../xsdk_tsp_bsp/ps7_cortexa9_0/lib -o "xsdk_tsp.elf"  ./src/helloworld.o ./src/platform.o   -Wl,--start-group,-lxil,-lgcc,-lc,--end-group
./src/helloworld.o: In function `main':
/home/rodolfo/workspaces/xsdk_tsp/xsdk_tsp/Debug/../src/helloworld.c:69: undefined reference to `XTtp_calculate_value_LookupConfig'
/home/rodolfo/workspaces/xsdk_tsp/xsdk_tsp/Debug/../src/helloworld.c:70: undefined reference to `XTtp_calculate_value_CfgInitialize'
/home/rodolfo/workspaces/xsdk_tsp/xsdk_tsp/Debug/../src/helloworld.c:72: undefined reference to `XTtp_calculate_value_DisableAutoRestart'
/home/rodolfo/workspaces/xsdk_tsp/xsdk_tsp/Debug/../src/helloworld.c:73: undefined reference to `XTtp_calculate_value_InterruptGlobalDisable'
/home/rodolfo/workspaces/xsdk_tsp/xsdk_tsp/Debug/../src/helloworld.c:147: undefined reference to `XTtp_calculate_value_Set_itemValor'
/home/rodolfo/workspaces/xsdk_tsp/xsdk_tsp/Debug/../src/helloworld.c:148: undefined reference to `XTtp_calculate_value_Set_itemPeso'
/home/rodolfo/workspaces/xsdk_tsp/xsdk_tsp/Debug/../src/helloworld.c:150: undefined reference to `XTtp_calculate_value_Set_inicioItensCidade'
/home/rodolfo/workspaces/xsdk_tsp/xsdk_tsp/Debug/../src/helloworld.c:151: undefined reference to `XTtp_calculate_value_Set_indiceItemCidade'
/home/rodolfo/workspaces/xsdk_tsp/xsdk_tsp/Debug/../src/helloworld.c:153: undefined reference to `XTtp_calculate_value_Set_pontoX'
/home/rodolfo/workspaces/xsdk_tsp/xsdk_tsp/Debug/../src/helloworld.c:154: undefined reference to `XTtp_calculate_value_Set_pontoY'
/home/rodolfo/workspaces/xsdk_tsp/xsdk_tsp/Debug/../src/helloworld.c:156: undefined reference to `XTtp_calculate_value_Set_percurso'
/home/rodolfo/workspaces/xsdk_tsp/xsdk_tsp/Debug/../src/helloworld.c:157: undefined reference to `XTtp_calculate_value_Set_mochila'
/home/rodolfo/workspaces/xsdk_tsp/xsdk_tsp/Debug/../src/helloworld.c:159: undefined reference to `XTtp_calculate_value_Set_quantidadeCidades'
/home/rodolfo/workspaces/xsdk_tsp/xsdk_tsp/Debug/../src/helloworld.c:160: undefined reference to `XTtp_calculate_value_Set_quantidadeItens'
/home/rodolfo/workspaces/xsdk_tsp/xsdk_tsp/Debug/../src/helloworld.c:161: undefined reference to `XTtp_calculate_value_Set_capacidadeMochila'
/home/rodolfo/workspaces/xsdk_tsp/xsdk_tsp/Debug/../src/helloworld.c:163: undefined reference to `XTtp_calculate_value_Set_velocidadeMaxima'
/home/rodolfo/workspaces/xsdk_tsp/xsdk_tsp/Debug/../src/helloworld.c:164: undefined reference to `XTtp_calculate_value_Set_velocidadeMinima'
/home/rodolfo/workspaces/xsdk_tsp/xsdk_tsp/Debug/../src/helloworld.c:165: undefined reference to `XTtp_calculate_value_Set_aluguel'
/home/rodolfo/workspaces/xsdk_tsp/xsdk_tsp/Debug/../src/helloworld.c:173: undefined reference to `XTtp_calculate_value_Set_resposta'
/home/rodolfo/workspaces/xsdk_tsp/xsdk_tsp/Debug/../src/helloworld.c:177: undefined reference to `XTtp_calculate_value_Start'
/home/rodolfo/workspaces/xsdk_tsp/xsdk_tsp/Debug/../src/helloworld.c:180: undefined reference to `XTtp_calculate_value_IsIdle'
/home/rodolfo/workspaces/xsdk_tsp/xsdk_tsp/Debug/../src/helloworld.c:184: undefined reference to `XTtp_calculate_value_Get_resposta'
/home/rodolfo/workspaces/xsdk_tsp/xsdk_tsp/Debug/../src/helloworld.c:191: undefined reference to `XTtp_calculate_value_Get_aluguel'
collect2: error: ld returned 1 exit status
make: *** [xsdk_tsp.elf] Error 1
14:57:10 **** Auto Build of configuration Debug for project xsdk_tsp ****
make pre-build main-build 
a9-linaro-pre-build-step
 
Building file: ../src/helloworld.c
Invoking: ARM v7 gcc compiler
arm-none-eabi-gcc -Wall -O0 -g3 -c -fmessage-length=0 -MT"src/helloworld.o" -mcpu=cortex-a9 -mfpu=vfpv3 -mfloat-abi=hard -I../../xsdk_tsp_bsp/ps7_cortexa9_0/include -MMD -MP -MF"src/helloworld.d" -MT"src/helloworld.o" -o "src/helloworld.o" "../src/helloworld.c"
../src/helloworld.c: In function 'main':
../src/helloworld.c:147:2: warning: implicit declaration of function 'XTtp_calculate_value_Set_itemValor' [-Wimplicit-function-declaration]
  XTtp_calculate_value_Set_itemValor(&xfe, itemValor);
  ^~~~~~~~~~~~~~~~~~~~~~~~~~~~~~~~~~
../src/helloworld.c:148:2: warning: implicit declaration of function 'XTtp_calculate_value_Set_itemPeso' [-Wimplicit-function-declaration]
  XTtp_calculate_value_Set_itemPeso(&xfe, itemPeso);
  ^~~~~~~~~~~~~~~~~~~~~~~~~~~~~~~~~
../src/helloworld.c:150:2: warning: implicit declaration of function 'XTtp_calculate_value_Set_inicioItensCidade' [-Wimplicit-function-declaration]
  XTtp_calculate_value_Set_inicioItensCidade(&xfe, inicioItensCidade);
  ^~~~~~~~~~~~~~~~~~~~~~~~~~~~~~~~~~~~~~~~~~
../src/helloworld.c:151:2: warning: implicit declaration of function 'XTtp_calculate_value_Set_indiceItemCidade' [-Wimplicit-function-declaration]
  XTtp_calculate_value_Set_indiceItemCidade(&xfe, indiceItemCidade);
  ^~~~~~~~~~~~~~~~~~~~~~~~~~~~~~~~~~~~~~~~~
../src/helloworld.c:153:2: warning: implicit declaration of function 'XTtp_calculate_value_Set_pontoX' [-Wimplicit-function-declaration]
  XTtp_calculate_value_Set_pontoX(&xfe, pontoX);
  ^~~~~~~~~~~~~~~~~~~~~~~~~~~~~~~
../src/helloworld.c:154:2: warning: implicit declaration of function 'XTtp_calculate_value_Set_pontoY' [-Wimplicit-function-declaration]
  XTtp_calculate_value_Set_pontoY(&xfe, pontoY);
  ^~~~~~~~~~~~~~~~~~~~~~~~~~~~~~~
../src/helloworld.c:156:2: warning: implicit declaration of function 'XTtp_calculate_value_Set_percurso' [-Wimplicit-function-declaration]
  XTtp_calculate_value_Set_percurso(&xfe, percurso);
  ^~~~~~~~~~~~~~~~~~~~~~~~~~~~~~~~~
../src/helloworld.c:157:2: warning: implicit declaration of function 'XTtp_calculate_value_Set_mochila' [-Wimplicit-function-declaration]
  XTtp_calculate_value_Set_mochila(&xfe, mochila);
  ^~~~~~~~~~~~~~~~~~~~~~~~~~~~~~~~
../src/helloworld.c:159:2: warning: implicit declaration of function 'XTtp_calculate_value_Set_quantidadeCidades' [-Wimplicit-function-declaration]
  XTtp_calculate_value_Set_quantidadeCidades(&xfe, quantidadeCidades);
  ^~~~~~~~~~~~~~~~~~~~~~~~~~~~~~~~~~~~~~~~~~
../src/helloworld.c:160:2: warning: implicit declaration of function 'XTtp_calculate_value_Set_quantidadeItens' [-Wimplicit-function-declaration]
  XTtp_calculate_value_Set_quantidadeItens(&xfe, quantidadeItens);
  ^~~~~~~~~~~~~~~~~~~~~~~~~~~~~~~~~~~~~~~~
../src/helloworld.c:161:2: warning: implicit declaration of function 'XTtp_calculate_value_Set_capacidadeMochila' [-Wimplicit-function-declaration]
  XTtp_calculate_value_Set_capacidadeMochila(&xfe, capacidadeMochila);
  ^~~~~~~~~~~~~~~~~~~~~~~~~~~~~~~~~~~~~~~~~~
../src/helloworld.c:163:2: warning: implicit declaration of function 'XTtp_calculate_value_Set_velocidadeMaxima' [-Wimplicit-function-declaration]
  XTtp_calculate_value_Set_velocidadeMaxima(&xfe, *((u64*)&velocidadeMaxima));
  ^~~~~~~~~~~~~~~~~~~~~~~~~~~~~~~~~~~~~~~~~
../src/helloworld.c:164:2: warning: implicit declaration of function 'XTtp_calculate_value_Set_velocidadeMinima' [-Wimplicit-function-declaration]
  XTtp_calculate_value_Set_velocidadeMinima(&xfe, *((u64*)&velocidadeMinima));
  ^~~~~~~~~~~~~~~~~~~~~~~~~~~~~~~~~~~~~~~~~
../src/helloworld.c:165:2: warning: implicit declaration of function 'XTtp_calculate_value_Set_aluguel' [-Wimplicit-function-declaration]
  XTtp_calculate_value_Set_aluguel(&xfe, *((u64*)&aluguel));
  ^~~~~~~~~~~~~~~~~~~~~~~~~~~~~~~~
../src/helloworld.c:173:2: warning: implicit declaration of function 'XTtp_calculate_value_Set_resposta' [-Wimplicit-function-declaration]
  XTtp_calculate_value_Set_resposta(&xfe, *((u64*)&resposta));
  ^~~~~~~~~~~~~~~~~~~~~~~~~~~~~~~~~
../src/helloworld.c:177:2: warning: implicit declaration of function 'XTtp_calculate_value_Start' [-Wimplicit-function-declaration]
  XTtp_calculate_value_Start(&xfe);
  ^~~~~~~~~~~~~~~~~~~~~~~~~~
../src/helloworld.c:180:10: warning: implicit declaration of function 'XTtp_calculate_value_IsIdle' [-Wimplicit-function-declaration]
  while (!XTtp_calculate_value_IsIdle(&xfe));
          ^~~~~~~~~~~~~~~~~~~~~~~~~~~
../src/helloworld.c:184:10: warning: implicit declaration of function 'XTtp_calculate_value_Get_resposta' [-Wimplicit-function-declaration]
  u64 r = XTtp_calculate_value_Get_resposta(&xfe);
          ^~~~~~~~~~~~~~~~~~~~~~~~~~~~~~~~~
../src/helloworld.c:191:11: warning: implicit declaration of function 'XTtp_calculate_value_Get_aluguel' [-Wimplicit-function-declaration]
  u64 r2 = XTtp_calculate_value_Get_aluguel(&xfe);
           ^~~~~~~~~~~~~~~~~~~~~~~~~~~~~~~~
Finished building: ../src/helloworld.c
 
Building target: xsdk_tsp.elf
Invoking: ARM v7 gcc linker
arm-none-eabi-gcc -mcpu=cortex-a9 -mfpu=vfpv3 -mfloat-abi=hard -Wl,-build-id=none -specs=Xilinx.spec -Wl,-T -Wl,../src/lscript.ld -L../../xsdk_tsp_bsp/ps7_cortexa9_0/lib -o "xsdk_tsp.elf"  ./src/helloworld.o ./src/platform.o   -Wl,--start-group,-lxil,-lgcc,-lc,--end-group
./src/helloworld.o: In function `main':
/home/rodolfo/workspaces/xsdk_tsp/xsdk_tsp/Debug/../src/helloworld.c:147: undefined reference to `XTtp_calculate_value_Set_itemValor'
/home/rodolfo/workspaces/xsdk_tsp/xsdk_tsp/Debug/../src/helloworld.c:148: undefined reference to `XTtp_calculate_value_Set_itemPeso'
/home/rodolfo/workspaces/xsdk_tsp/xsdk_tsp/Debug/../src/helloworld.c:150: undefined reference to `XTtp_calculate_value_Set_inicioItensCidade'
/home/rodolfo/workspaces/xsdk_tsp/xsdk_tsp/Debug/../src/helloworld.c:151: undefined reference to `XTtp_calculate_value_Set_indiceItemCidade'
/home/rodolfo/workspaces/xsdk_tsp/xsdk_tsp/Debug/../src/helloworld.c:153: undefined reference to `XTtp_calculate_value_Set_pontoX'
/home/rodolfo/workspaces/xsdk_tsp/xsdk_tsp/Debug/../src/helloworld.c:154: undefined reference to `XTtp_calculate_value_Set_pontoY'
/home/rodolfo/workspaces/xsdk_tsp/xsdk_tsp/Debug/../src/helloworld.c:156: undefined reference to `XTtp_calculate_value_Set_percurso'
/home/rodolfo/workspaces/xsdk_tsp/xsdk_tsp/Debug/../src/helloworld.c:157: undefined reference to `XTtp_calculate_value_Set_mochila'
/home/rodolfo/workspaces/xsdk_tsp/xsdk_tsp/Debug/../src/helloworld.c:159: undefined reference to `XTtp_calculate_value_Set_quantidadeCidades'
/home/rodolfo/workspaces/xsdk_tsp/xsdk_tsp/Debug/../src/helloworld.c:160: undefined reference to `XTtp_calculate_value_Set_quantidadeItens'
/home/rodolfo/workspaces/xsdk_tsp/xsdk_tsp/Debug/../src/helloworld.c:161: undefined reference to `XTtp_calculate_value_Set_capacidadeMochila'
/home/rodolfo/workspaces/xsdk_tsp/xsdk_tsp/Debug/../src/helloworld.c:163: undefined reference to `XTtp_calculate_value_Set_velocidadeMaxima'
/home/rodolfo/workspaces/xsdk_tsp/xsdk_tsp/Debug/../src/helloworld.c:164: undefined reference to `XTtp_calculate_value_Set_velocidadeMinima'
/home/rodolfo/workspaces/xsdk_tsp/xsdk_tsp/Debug/../src/helloworld.c:165: undefined reference to `XTtp_calculate_value_Set_aluguel'
/home/rodolfo/workspaces/xsdk_tsp/xsdk_tsp/Debug/../src/helloworld.c:173: undefined reference to `XTtp_calculate_value_Set_resposta'
/home/rodolfo/workspaces/xsdk_tsp/xsdk_tsp/Debug/../src/helloworld.c:177: undefined reference to `XTtp_calculate_value_Start'
/home/rodolfo/workspaces/xsdk_tsp/xsdk_tsp/Debug/../src/helloworld.c:180: undefined reference to `XTtp_calculate_value_IsIdle'
/home/rodolfo/workspaces/xsdk_tsp/xsdk_tsp/Debug/../src/helloworld.c:184: undefined reference to `XTtp_calculate_value_Get_resposta'
/home/rodolfo/workspaces/xsdk_tsp/xsdk_tsp/Debug/../src/helloworld.c:191: undefined reference to `XTtp_calculate_value_Get_aluguel'
collect2: error: ld returned 1 exit status
make: *** [xsdk_tsp.elf] Error 1
14:57:29 **** Auto Build of configuration Debug for project xsdk_tsp ****
make pre-build main-build 
a9-linaro-pre-build-step
 
Building file: ../src/helloworld.c
Invoking: ARM v7 gcc compiler
arm-none-eabi-gcc -Wall -O0 -g3 -c -fmessage-length=0 -MT"src/helloworld.o" -mcpu=cortex-a9 -mfpu=vfpv3 -mfloat-abi=hard -I../../xsdk_tsp_bsp/ps7_cortexa9_0/include -MMD -MP -MF"src/helloworld.d" -MT"src/helloworld.o" -o "src/helloworld.o" "../src/helloworld.c"
../src/helloworld.c: In function 'main':
../src/helloworld.c:147:33: warning: passing argument 2 of 'XCost_func_Set_itemValor' makes integer from pointer without a cast [-Wint-conversion]
  XCost_func_Set_itemValor(&xfe, itemValor);
                                 ^~~~~~~~~
In file included from ../src/helloworld.c:50:0:
../../xsdk_tsp_bsp/ps7_cortexa9_0/include/xcost_func.h:102:6: note: expected 'u32 {aka long unsigned int}' but argument is of type 'int *'
 void XCost_func_Set_itemValor(XCost_func *InstancePtr, u32 Data);
      ^~~~~~~~~~~~~~~~~~~~~~~~
../src/helloworld.c:148:32: warning: passing argument 2 of 'XCost_func_Set_itemPeso' makes integer from pointer without a cast [-Wint-conversion]
  XCost_func_Set_itemPeso(&xfe, itemPeso);
                                ^~~~~~~~
In file included from ../src/helloworld.c:50:0:
../../xsdk_tsp_bsp/ps7_cortexa9_0/include/xcost_func.h:104:6: note: expected 'u32 {aka long unsigned int}' but argument is of type 'int *'
 void XCost_func_Set_itemPeso(XCost_func *InstancePtr, u32 Data);
      ^~~~~~~~~~~~~~~~~~~~~~~
../src/helloworld.c:150:41: warning: passing argument 2 of 'XCost_func_Set_inicioItensCidade' makes integer from pointer without a cast [-Wint-conversion]
  XCost_func_Set_inicioItensCidade(&xfe, inicioItensCidade);
                                         ^~~~~~~~~~~~~~~~~
In file included from ../src/helloworld.c:50:0:
../../xsdk_tsp_bsp/ps7_cortexa9_0/include/xcost_func.h:106:6: note: expected 'u32 {aka long unsigned int}' but argument is of type 'int *'
 void XCost_func_Set_inicioItensCidade(XCost_func *InstancePtr, u32 Data);
      ^~~~~~~~~~~~~~~~~~~~~~~~~~~~~~~~
../src/helloworld.c:151:40: warning: passing argument 2 of 'XCost_func_Set_indiceItemCidade' makes integer from pointer without a cast [-Wint-conversion]
  XCost_func_Set_indiceItemCidade(&xfe, indiceItemCidade);
                                        ^~~~~~~~~~~~~~~~
In file included from ../src/helloworld.c:50:0:
../../xsdk_tsp_bsp/ps7_cortexa9_0/include/xcost_func.h:108:6: note: expected 'u32 {aka long unsigned int}' but argument is of type 'int *'
 void XCost_func_Set_indiceItemCidade(XCost_func *InstancePtr, u32 Data);
      ^~~~~~~~~~~~~~~~~~~~~~~~~~~~~~~
../src/helloworld.c:153:30: warning: passing argument 2 of 'XCost_func_Set_pontoX' makes integer from pointer without a cast [-Wint-conversion]
  XCost_func_Set_pontoX(&xfe, pontoX);
                              ^~~~~~
In file included from ../src/helloworld.c:50:0:
../../xsdk_tsp_bsp/ps7_cortexa9_0/include/xcost_func.h:110:6: note: expected 'u32 {aka long unsigned int}' but argument is of type 'int *'
 void XCost_func_Set_pontoX(XCost_func *InstancePtr, u32 Data);
      ^~~~~~~~~~~~~~~~~~~~~
../src/helloworld.c:154:30: warning: passing argument 2 of 'XCost_func_Set_pontoY' makes integer from pointer without a cast [-Wint-conversion]
  XCost_func_Set_pontoY(&xfe, pontoY);
                              ^~~~~~
In file included from ../src/helloworld.c:50:0:
../../xsdk_tsp_bsp/ps7_cortexa9_0/include/xcost_func.h:112:6: note: expected 'u32 {aka long unsigned int}' but argument is of type 'int *'
 void XCost_func_Set_pontoY(XCost_func *InstancePtr, u32 Data);
      ^~~~~~~~~~~~~~~~~~~~~
../src/helloworld.c:156:32: warning: passing argument 2 of 'XCost_func_Set_percurso' makes integer from pointer without a cast [-Wint-conversion]
  XCost_func_Set_percurso(&xfe, percurso);
                                ^~~~~~~~
In file included from ../src/helloworld.c:50:0:
../../xsdk_tsp_bsp/ps7_cortexa9_0/include/xcost_func.h:114:6: note: expected 'u32 {aka long unsigned int}' but argument is of type 'int *'
 void XCost_func_Set_percurso(XCost_func *InstancePtr, u32 Data);
      ^~~~~~~~~~~~~~~~~~~~~~~
../src/helloworld.c:157:31: warning: passing argument 2 of 'XCost_func_Set_mochila' makes integer from pointer without a cast [-Wint-conversion]
  XCost_func_Set_mochila(&xfe, mochila);
                               ^~~~~~~
In file included from ../src/helloworld.c:50:0:
../../xsdk_tsp_bsp/ps7_cortexa9_0/include/xcost_func.h:116:6: note: expected 'u32 {aka long unsigned int}' but argument is of type 'int *'
 void XCost_func_Set_mochila(XCost_func *InstancePtr, u32 Data);
      ^~~~~~~~~~~~~~~~~~~~~~
../src/helloworld.c:173:2: warning: implicit declaration of function 'XCost_func_Set_resposta' [-Wimplicit-function-declaration]
  XCost_func_Set_resposta(&xfe, *((u64*)&resposta));
  ^~~~~~~~~~~~~~~~~~~~~~~
Finished building: ../src/helloworld.c
 
Building target: xsdk_tsp.elf
Invoking: ARM v7 gcc linker
arm-none-eabi-gcc -mcpu=cortex-a9 -mfpu=vfpv3 -mfloat-abi=hard -Wl,-build-id=none -specs=Xilinx.spec -Wl,-T -Wl,../src/lscript.ld -L../../xsdk_tsp_bsp/ps7_cortexa9_0/lib -o "xsdk_tsp.elf"  ./src/helloworld.o ./src/platform.o   -Wl,--start-group,-lxil,-lgcc,-lc,--end-group
./src/helloworld.o: In function `main':
/home/rodolfo/workspaces/xsdk_tsp/xsdk_tsp/Debug/../src/helloworld.c:173: undefined reference to `XCost_func_Set_resposta'
collect2: error: ld returned 1 exit status
make: *** [xsdk_tsp.elf] Error 1
14:57:35 **** Auto Build of configuration Debug for project xsdk_tsp ****
make pre-build main-build 
a9-linaro-pre-build-step
 
Building file: ../src/helloworld.c
Invoking: ARM v7 gcc compiler
arm-none-eabi-gcc -Wall -O0 -g3 -c -fmessage-length=0 -MT"src/helloworld.o" -mcpu=cortex-a9 -mfpu=vfpv3 -mfloat-abi=hard -I../../xsdk_tsp_bsp/ps7_cortexa9_0/include -MMD -MP -MF"src/helloworld.d" -MT"src/helloworld.o" -o "src/helloworld.o" "../src/helloworld.c"
../src/helloworld.c: In function 'main':
../src/helloworld.c:147:33: warning: passing argument 2 of 'XCost_func_Set_itemValor' makes integer from pointer without a cast [-Wint-conversion]
  XCost_func_Set_itemValor(&xfe, itemValor);
                                 ^~~~~~~~~
In file included from ../src/helloworld.c:50:0:
../../xsdk_tsp_bsp/ps7_cortexa9_0/include/xcost_func.h:102:6: note: expected 'u32 {aka long unsigned int}' but argument is of type 'int *'
 void XCost_func_Set_itemValor(XCost_func *InstancePtr, u32 Data);
      ^~~~~~~~~~~~~~~~~~~~~~~~
../src/helloworld.c:148:32: warning: passing argument 2 of 'XCost_func_Set_itemPeso' makes integer from pointer without a cast [-Wint-conversion]
  XCost_func_Set_itemPeso(&xfe, itemPeso);
                                ^~~~~~~~
In file included from ../src/helloworld.c:50:0:
../../xsdk_tsp_bsp/ps7_cortexa9_0/include/xcost_func.h:104:6: note: expected 'u32 {aka long unsigned int}' but argument is of type 'int *'
 void XCost_func_Set_itemPeso(XCost_func *InstancePtr, u32 Data);
      ^~~~~~~~~~~~~~~~~~~~~~~
../src/helloworld.c:150:41: warning: passing argument 2 of 'XCost_func_Set_inicioItensCidade' makes integer from pointer without a cast [-Wint-conversion]
  XCost_func_Set_inicioItensCidade(&xfe, inicioItensCidade);
                                         ^~~~~~~~~~~~~~~~~
In file included from ../src/helloworld.c:50:0:
../../xsdk_tsp_bsp/ps7_cortexa9_0/include/xcost_func.h:106:6: note: expected 'u32 {aka long unsigned int}' but argument is of type 'int *'
 void XCost_func_Set_inicioItensCidade(XCost_func *InstancePtr, u32 Data);
      ^~~~~~~~~~~~~~~~~~~~~~~~~~~~~~~~
../src/helloworld.c:151:40: warning: passing argument 2 of 'XCost_func_Set_indiceItemCidade' makes integer from pointer without a cast [-Wint-conversion]
  XCost_func_Set_indiceItemCidade(&xfe, indiceItemCidade);
                                        ^~~~~~~~~~~~~~~~
In file included from ../src/helloworld.c:50:0:
../../xsdk_tsp_bsp/ps7_cortexa9_0/include/xcost_func.h:108:6: note: expected 'u32 {aka long unsigned int}' but argument is of type 'int *'
 void XCost_func_Set_indiceItemCidade(XCost_func *InstancePtr, u32 Data);
      ^~~~~~~~~~~~~~~~~~~~~~~~~~~~~~~
../src/helloworld.c:153:30: warning: passing argument 2 of 'XCost_func_Set_pontoX' makes integer from pointer without a cast [-Wint-conversion]
  XCost_func_Set_pontoX(&xfe, pontoX);
                              ^~~~~~
In file included from ../src/helloworld.c:50:0:
../../xsdk_tsp_bsp/ps7_cortexa9_0/include/xcost_func.h:110:6: note: expected 'u32 {aka long unsigned int}' but argument is of type 'int *'
 void XCost_func_Set_pontoX(XCost_func *InstancePtr, u32 Data);
      ^~~~~~~~~~~~~~~~~~~~~
../src/helloworld.c:154:30: warning: passing argument 2 of 'XCost_func_Set_pontoY' makes integer from pointer without a cast [-Wint-conversion]
  XCost_func_Set_pontoY(&xfe, pontoY);
                              ^~~~~~
In file included from ../src/helloworld.c:50:0:
../../xsdk_tsp_bsp/ps7_cortexa9_0/include/xcost_func.h:112:6: note: expected 'u32 {aka long unsigned int}' but argument is of type 'int *'
 void XCost_func_Set_pontoY(XCost_func *InstancePtr, u32 Data);
      ^~~~~~~~~~~~~~~~~~~~~
../src/helloworld.c:156:32: warning: passing argument 2 of 'XCost_func_Set_percurso' makes integer from pointer without a cast [-Wint-conversion]
  XCost_func_Set_percurso(&xfe, percurso);
                                ^~~~~~~~
In file included from ../src/helloworld.c:50:0:
../../xsdk_tsp_bsp/ps7_cortexa9_0/include/xcost_func.h:114:6: note: expected 'u32 {aka long unsigned int}' but argument is of type 'int *'
 void XCost_func_Set_percurso(XCost_func *InstancePtr, u32 Data);
      ^~~~~~~~~~~~~~~~~~~~~~~
../src/helloworld.c:157:31: warning: passing argument 2 of 'XCost_func_Set_mochila' makes integer from pointer without a cast [-Wint-conversion]
  XCost_func_Set_mochila(&xfe, mochila);
                               ^~~~~~~
In file included from ../src/helloworld.c:50:0:
../../xsdk_tsp_bsp/ps7_cortexa9_0/include/xcost_func.h:116:6: note: expected 'u32 {aka long unsigned int}' but argument is of type 'int *'
 void XCost_func_Set_mochila(XCost_func *InstancePtr, u32 Data);
      ^~~~~~~~~~~~~~~~~~~~~~
../src/helloworld.c:173:2: warning: implicit declaration of function 'XCost_func_set_resposta' [-Wimplicit-function-declaration]
  XCost_func_set_resposta(&xfe, *((u64*)&resposta));
  ^~~~~~~~~~~~~~~~~~~~~~~
Finished building: ../src/helloworld.c
 
Building target: xsdk_tsp.elf
Invoking: ARM v7 gcc linker
arm-none-eabi-gcc -mcpu=cortex-a9 -mfpu=vfpv3 -mfloat-abi=hard -Wl,-build-id=none -specs=Xilinx.spec -Wl,-T -Wl,../src/lscript.ld -L../../xsdk_tsp_bsp/ps7_cortexa9_0/lib -o "xsdk_tsp.elf"  ./src/helloworld.o ./src/platform.o   -Wl,--start-group,-lxil,-lgcc,-lc,--end-group
./src/helloworld.o: In function `main':
/home/rodolfo/workspaces/xsdk_tsp/xsdk_tsp/Debug/../src/helloworld.c:173: undefined reference to `XCost_func_set_resposta'
collect2: error: ld returned 1 exit status
make: *** [xsdk_tsp.elf] Error 1
14:57:51 **** Auto Build of configuration Debug for project xsdk_tsp ****
make pre-build main-build 
a9-linaro-pre-build-step
 
Building file: ../src/helloworld.c
Invoking: ARM v7 gcc compiler
arm-none-eabi-gcc -Wall -O0 -g3 -c -fmessage-length=0 -MT"src/helloworld.o" -mcpu=cortex-a9 -mfpu=vfpv3 -mfloat-abi=hard -I../../xsdk_tsp_bsp/ps7_cortexa9_0/include -MMD -MP -MF"src/helloworld.d" -MT"src/helloworld.o" -o "src/helloworld.o" "../src/helloworld.c"
../src/helloworld.c: In function 'main':
../src/helloworld.c:147:33: warning: passing argument 2 of 'XCost_func_Set_itemValor' makes integer from pointer without a cast [-Wint-conversion]
  XCost_func_Set_itemValor(&xfe, itemValor);
                                 ^~~~~~~~~
In file included from ../src/helloworld.c:50:0:
../../xsdk_tsp_bsp/ps7_cortexa9_0/include/xcost_func.h:102:6: note: expected 'u32 {aka long unsigned int}' but argument is of type 'int *'
 void XCost_func_Set_itemValor(XCost_func *InstancePtr, u32 Data);
      ^~~~~~~~~~~~~~~~~~~~~~~~
../src/helloworld.c:148:32: warning: passing argument 2 of 'XCost_func_Set_itemPeso' makes integer from pointer without a cast [-Wint-conversion]
  XCost_func_Set_itemPeso(&xfe, itemPeso);
                                ^~~~~~~~
In file included from ../src/helloworld.c:50:0:
../../xsdk_tsp_bsp/ps7_cortexa9_0/include/xcost_func.h:104:6: note: expected 'u32 {aka long unsigned int}' but argument is of type 'int *'
 void XCost_func_Set_itemPeso(XCost_func *InstancePtr, u32 Data);
      ^~~~~~~~~~~~~~~~~~~~~~~
../src/helloworld.c:150:41: warning: passing argument 2 of 'XCost_func_Set_inicioItensCidade' makes integer from pointer without a cast [-Wint-conversion]
  XCost_func_Set_inicioItensCidade(&xfe, inicioItensCidade);
                                         ^~~~~~~~~~~~~~~~~
In file included from ../src/helloworld.c:50:0:
../../xsdk_tsp_bsp/ps7_cortexa9_0/include/xcost_func.h:106:6: note: expected 'u32 {aka long unsigned int}' but argument is of type 'int *'
 void XCost_func_Set_inicioItensCidade(XCost_func *InstancePtr, u32 Data);
      ^~~~~~~~~~~~~~~~~~~~~~~~~~~~~~~~
../src/helloworld.c:151:40: warning: passing argument 2 of 'XCost_func_Set_indiceItemCidade' makes integer from pointer without a cast [-Wint-conversion]
  XCost_func_Set_indiceItemCidade(&xfe, indiceItemCidade);
                                        ^~~~~~~~~~~~~~~~
In file included from ../src/helloworld.c:50:0:
../../xsdk_tsp_bsp/ps7_cortexa9_0/include/xcost_func.h:108:6: note: expected 'u32 {aka long unsigned int}' but argument is of type 'int *'
 void XCost_func_Set_indiceItemCidade(XCost_func *InstancePtr, u32 Data);
      ^~~~~~~~~~~~~~~~~~~~~~~~~~~~~~~
../src/helloworld.c:153:30: warning: passing argument 2 of 'XCost_func_Set_pontoX' makes integer from pointer without a cast [-Wint-conversion]
  XCost_func_Set_pontoX(&xfe, pontoX);
                              ^~~~~~
In file included from ../src/helloworld.c:50:0:
../../xsdk_tsp_bsp/ps7_cortexa9_0/include/xcost_func.h:110:6: note: expected 'u32 {aka long unsigned int}' but argument is of type 'int *'
 void XCost_func_Set_pontoX(XCost_func *InstancePtr, u32 Data);
      ^~~~~~~~~~~~~~~~~~~~~
../src/helloworld.c:154:30: warning: passing argument 2 of 'XCost_func_Set_pontoY' makes integer from pointer without a cast [-Wint-conversion]
  XCost_func_Set_pontoY(&xfe, pontoY);
                              ^~~~~~
In file included from ../src/helloworld.c:50:0:
../../xsdk_tsp_bsp/ps7_cortexa9_0/include/xcost_func.h:112:6: note: expected 'u32 {aka long unsigned int}' but argument is of type 'int *'
 void XCost_func_Set_pontoY(XCost_func *InstancePtr, u32 Data);
      ^~~~~~~~~~~~~~~~~~~~~
../src/helloworld.c:156:32: warning: passing argument 2 of 'XCost_func_Set_percurso' makes integer from pointer without a cast [-Wint-conversion]
  XCost_func_Set_percurso(&xfe, percurso);
                                ^~~~~~~~
In file included from ../src/helloworld.c:50:0:
../../xsdk_tsp_bsp/ps7_cortexa9_0/include/xcost_func.h:114:6: note: expected 'u32 {aka long unsigned int}' but argument is of type 'int *'
 void XCost_func_Set_percurso(XCost_func *InstancePtr, u32 Data);
      ^~~~~~~~~~~~~~~~~~~~~~~
../src/helloworld.c:157:31: warning: passing argument 2 of 'XCost_func_Set_mochila' makes integer from pointer without a cast [-Wint-conversion]
  XCost_func_Set_mochila(&xfe, mochila);
                               ^~~~~~~
In file included from ../src/helloworld.c:50:0:
../../xsdk_tsp_bsp/ps7_cortexa9_0/include/xcost_func.h:116:6: note: expected 'u32 {aka long unsigned int}' but argument is of type 'int *'
 void XCost_func_Set_mochila(XCost_func *InstancePtr, u32 Data);
      ^~~~~~~~~~~~~~~~~~~~~~
Finished building: ../src/helloworld.c
 
Building target: xsdk_tsp.elf
Invoking: ARM v7 gcc linker
arm-none-eabi-gcc -mcpu=cortex-a9 -mfpu=vfpv3 -mfloat-abi=hard -Wl,-build-id=none -specs=Xilinx.spec -Wl,-T -Wl,../src/lscript.ld -L../../xsdk_tsp_bsp/ps7_cortexa9_0/lib -o "xsdk_tsp.elf"  ./src/helloworld.o ./src/platform.o   -Wl,--start-group,-lxil,-lgcc,-lc,--end-group
Finished building target: xsdk_tsp.elf
 
Invoking: ARM v7 Print Size
arm-none-eabi-size xsdk_tsp.elf  |tee "xsdk_tsp.elf.size"
   text	   data	    bss	    dec	    hex	filename
  82628	   2592	  23376	 108596	  1a834	xsdk_tsp.elf
Finished building: xsdk_tsp.elf.size
 
14:58:12 **** Incremental Build of configuration Debug for project xsdk_tsp ****
make pre-build main-build 
a9-linaro-pre-build-step
 
make: Nothing to be done for `main-build'.
14:58:29 **** Auto Build of configuration Debug for project xsdk_tsp ****
make pre-build main-build 
a9-linaro-pre-build-step
 
Building file: ../src/helloworld.c
Invoking: ARM v7 gcc compiler
arm-none-eabi-gcc -Wall -O0 -g3 -c -fmessage-length=0 -MT"src/helloworld.o" -mcpu=cortex-a9 -mfpu=vfpv3 -mfloat-abi=hard -I../../xsdk_tsp_bsp/ps7_cortexa9_0/include -MMD -MP -MF"src/helloworld.d" -MT"src/helloworld.o" -o "src/helloworld.o" "../src/helloworld.c"
../src/helloworld.c: In function 'main':
../src/helloworld.c:147:33: warning: passing argument 2 of 'XCost_func_Set_itemValor' makes integer from pointer without a cast [-Wint-conversion]
  XCost_func_Set_itemValor(&xfe, itemValor);
                                 ^~~~~~~~~
In file included from ../src/helloworld.c:50:0:
../../xsdk_tsp_bsp/ps7_cortexa9_0/include/xcost_func.h:102:6: note: expected 'u32 {aka long unsigned int}' but argument is of type 'int *'
 void XCost_func_Set_itemValor(XCost_func *InstancePtr, u32 Data);
      ^~~~~~~~~~~~~~~~~~~~~~~~
../src/helloworld.c:148:32: warning: passing argument 2 of 'XCost_func_Set_itemPeso' makes integer from pointer without a cast [-Wint-conversion]
  XCost_func_Set_itemPeso(&xfe, itemPeso);
                                ^~~~~~~~
In file included from ../src/helloworld.c:50:0:
../../xsdk_tsp_bsp/ps7_cortexa9_0/include/xcost_func.h:104:6: note: expected 'u32 {aka long unsigned int}' but argument is of type 'int *'
 void XCost_func_Set_itemPeso(XCost_func *InstancePtr, u32 Data);
      ^~~~~~~~~~~~~~~~~~~~~~~
../src/helloworld.c:150:41: warning: passing argument 2 of 'XCost_func_Set_inicioItensCidade' makes integer from pointer without a cast [-Wint-conversion]
  XCost_func_Set_inicioItensCidade(&xfe, inicioItensCidade);
                                         ^~~~~~~~~~~~~~~~~
In file included from ../src/helloworld.c:50:0:
../../xsdk_tsp_bsp/ps7_cortexa9_0/include/xcost_func.h:106:6: note: expected 'u32 {aka long unsigned int}' but argument is of type 'int *'
 void XCost_func_Set_inicioItensCidade(XCost_func *InstancePtr, u32 Data);
      ^~~~~~~~~~~~~~~~~~~~~~~~~~~~~~~~
../src/helloworld.c:151:40: warning: passing argument 2 of 'XCost_func_Set_indiceItemCidade' makes integer from pointer without a cast [-Wint-conversion]
  XCost_func_Set_indiceItemCidade(&xfe, indiceItemCidade);
                                        ^~~~~~~~~~~~~~~~
In file included from ../src/helloworld.c:50:0:
../../xsdk_tsp_bsp/ps7_cortexa9_0/include/xcost_func.h:108:6: note: expected 'u32 {aka long unsigned int}' but argument is of type 'int *'
 void XCost_func_Set_indiceItemCidade(XCost_func *InstancePtr, u32 Data);
      ^~~~~~~~~~~~~~~~~~~~~~~~~~~~~~~
../src/helloworld.c:153:30: warning: passing argument 2 of 'XCost_func_Set_pontoX' makes integer from pointer without a cast [-Wint-conversion]
  XCost_func_Set_pontoX(&xfe, pontoX);
                              ^~~~~~
In file included from ../src/helloworld.c:50:0:
../../xsdk_tsp_bsp/ps7_cortexa9_0/include/xcost_func.h:110:6: note: expected 'u32 {aka long unsigned int}' but argument is of type 'int *'
 void XCost_func_Set_pontoX(XCost_func *InstancePtr, u32 Data);
      ^~~~~~~~~~~~~~~~~~~~~
../src/helloworld.c:154:30: warning: passing argument 2 of 'XCost_func_Set_pontoY' makes integer from pointer without a cast [-Wint-conversion]
  XCost_func_Set_pontoY(&xfe, pontoY);
                              ^~~~~~
In file included from ../src/helloworld.c:50:0:
../../xsdk_tsp_bsp/ps7_cortexa9_0/include/xcost_func.h:112:6: note: expected 'u32 {aka long unsigned int}' but argument is of type 'int *'
 void XCost_func_Set_pontoY(XCost_func *InstancePtr, u32 Data);
      ^~~~~~~~~~~~~~~~~~~~~
../src/helloworld.c:156:32: warning: passing argument 2 of 'XCost_func_Set_percurso' makes integer from pointer without a cast [-Wint-conversion]
  XCost_func_Set_percurso(&xfe, percurso);
                                ^~~~~~~~
In file included from ../src/helloworld.c:50:0:
../../xsdk_tsp_bsp/ps7_cortexa9_0/include/xcost_func.h:114:6: note: expected 'u32 {aka long unsigned int}' but argument is of type 'int *'
 void XCost_func_Set_percurso(XCost_func *InstancePtr, u32 Data);
      ^~~~~~~~~~~~~~~~~~~~~~~
../src/helloworld.c:157:31: warning: passing argument 2 of 'XCost_func_Set_mochila' makes integer from pointer without a cast [-Wint-conversion]
  XCost_func_Set_mochila(&xfe, mochila);
                               ^~~~~~~
In file included from ../src/helloworld.c:50:0:
../../xsdk_tsp_bsp/ps7_cortexa9_0/include/xcost_func.h:116:6: note: expected 'u32 {aka long unsigned int}' but argument is of type 'int *'
 void XCost_func_Set_mochila(XCost_func *InstancePtr, u32 Data);
      ^~~~~~~~~~~~~~~~~~~~~~
Finished building: ../src/helloworld.c
 
Building target: xsdk_tsp.elf
Invoking: ARM v7 gcc linker
arm-none-eabi-gcc -mcpu=cortex-a9 -mfpu=vfpv3 -mfloat-abi=hard -Wl,-build-id=none -specs=Xilinx.spec -Wl,-T -Wl,../src/lscript.ld -L../../xsdk_tsp_bsp/ps7_cortexa9_0/lib -o "xsdk_tsp.elf"  ./src/helloworld.o ./src/platform.o   -Wl,--start-group,-lxil,-lgcc,-lc,--end-group
Finished building target: xsdk_tsp.elf
 
Invoking: ARM v7 Print Size
arm-none-eabi-size xsdk_tsp.elf  |tee "xsdk_tsp.elf.size"
   text	   data	    bss	    dec	    hex	filename
  82540	   2592	  23376	 108508	  1a7dc	xsdk_tsp.elf
Finished building: xsdk_tsp.elf.size
 
15:07:54 **** Auto Build of configuration Debug for project xsdk_tsp ****
make pre-build main-build 
a9-linaro-pre-build-step
 
Building file: ../src/helloworld.c
Invoking: ARM v7 gcc compiler
arm-none-eabi-gcc -Wall -O0 -g3 -c -fmessage-length=0 -MT"src/helloworld.o" -mcpu=cortex-a9 -mfpu=vfpv3 -mfloat-abi=hard -I../../xsdk_tsp_bsp/ps7_cortexa9_0/include -MMD -MP -MF"src/helloworld.d" -MT"src/helloworld.o" -o "src/helloworld.o" "../src/helloworld.c"
../src/helloworld.c: In function 'main':
../src/helloworld.c:147:33: warning: passing argument 2 of 'XCost_func_Set_itemValor' makes integer from pointer without a cast [-Wint-conversion]
  XCost_func_Set_itemValor(&xfe, itemValor);
                                 ^~~~~~~~~
In file included from ../src/helloworld.c:50:0:
../../xsdk_tsp_bsp/ps7_cortexa9_0/include/xcost_func.h:102:6: note: expected 'u32 {aka long unsigned int}' but argument is of type 'int *'
 void XCost_func_Set_itemValor(XCost_func *InstancePtr, u32 Data);
      ^~~~~~~~~~~~~~~~~~~~~~~~
../src/helloworld.c:148:32: warning: passing argument 2 of 'XCost_func_Set_itemPeso' makes integer from pointer without a cast [-Wint-conversion]
  XCost_func_Set_itemPeso(&xfe, itemPeso);
                                ^~~~~~~~
In file included from ../src/helloworld.c:50:0:
../../xsdk_tsp_bsp/ps7_cortexa9_0/include/xcost_func.h:104:6: note: expected 'u32 {aka long unsigned int}' but argument is of type 'int *'
 void XCost_func_Set_itemPeso(XCost_func *InstancePtr, u32 Data);
      ^~~~~~~~~~~~~~~~~~~~~~~
../src/helloworld.c:150:41: warning: passing argument 2 of 'XCost_func_Set_inicioItensCidade' makes integer from pointer without a cast [-Wint-conversion]
  XCost_func_Set_inicioItensCidade(&xfe, inicioItensCidade);
                                         ^~~~~~~~~~~~~~~~~
In file included from ../src/helloworld.c:50:0:
../../xsdk_tsp_bsp/ps7_cortexa9_0/include/xcost_func.h:106:6: note: expected 'u32 {aka long unsigned int}' but argument is of type 'int *'
 void XCost_func_Set_inicioItensCidade(XCost_func *InstancePtr, u32 Data);
      ^~~~~~~~~~~~~~~~~~~~~~~~~~~~~~~~
../src/helloworld.c:151:40: warning: passing argument 2 of 'XCost_func_Set_indiceItemCidade' makes integer from pointer without a cast [-Wint-conversion]
  XCost_func_Set_indiceItemCidade(&xfe, indiceItemCidade);
                                        ^~~~~~~~~~~~~~~~
In file included from ../src/helloworld.c:50:0:
../../xsdk_tsp_bsp/ps7_cortexa9_0/include/xcost_func.h:108:6: note: expected 'u32 {aka long unsigned int}' but argument is of type 'int *'
 void XCost_func_Set_indiceItemCidade(XCost_func *InstancePtr, u32 Data);
      ^~~~~~~~~~~~~~~~~~~~~~~~~~~~~~~
../src/helloworld.c:153:30: warning: passing argument 2 of 'XCost_func_Set_pontoX' makes integer from pointer without a cast [-Wint-conversion]
  XCost_func_Set_pontoX(&xfe, pontoX);
                              ^~~~~~
In file included from ../src/helloworld.c:50:0:
../../xsdk_tsp_bsp/ps7_cortexa9_0/include/xcost_func.h:110:6: note: expected 'u32 {aka long unsigned int}' but argument is of type 'int *'
 void XCost_func_Set_pontoX(XCost_func *InstancePtr, u32 Data);
      ^~~~~~~~~~~~~~~~~~~~~
../src/helloworld.c:154:30: warning: passing argument 2 of 'XCost_func_Set_pontoY' makes integer from pointer without a cast [-Wint-conversion]
  XCost_func_Set_pontoY(&xfe, pontoY);
                              ^~~~~~
In file included from ../src/helloworld.c:50:0:
../../xsdk_tsp_bsp/ps7_cortexa9_0/include/xcost_func.h:112:6: note: expected 'u32 {aka long unsigned int}' but argument is of type 'int *'
 void XCost_func_Set_pontoY(XCost_func *InstancePtr, u32 Data);
      ^~~~~~~~~~~~~~~~~~~~~
../src/helloworld.c:156:32: warning: passing argument 2 of 'XCost_func_Set_percurso' makes integer from pointer without a cast [-Wint-conversion]
  XCost_func_Set_percurso(&xfe, percurso);
                                ^~~~~~~~
In file included from ../src/helloworld.c:50:0:
../../xsdk_tsp_bsp/ps7_cortexa9_0/include/xcost_func.h:114:6: note: expected 'u32 {aka long unsigned int}' but argument is of type 'int *'
 void XCost_func_Set_percurso(XCost_func *InstancePtr, u32 Data);
      ^~~~~~~~~~~~~~~~~~~~~~~
../src/helloworld.c:157:31: warning: passing argument 2 of 'XCost_func_Set_mochila' makes integer from pointer without a cast [-Wint-conversion]
  XCost_func_Set_mochila(&xfe, mochila);
                               ^~~~~~~
In file included from ../src/helloworld.c:50:0:
../../xsdk_tsp_bsp/ps7_cortexa9_0/include/xcost_func.h:116:6: note: expected 'u32 {aka long unsigned int}' but argument is of type 'int *'
 void XCost_func_Set_mochila(XCost_func *InstancePtr, u32 Data);
      ^~~~~~~~~~~~~~~~~~~~~~
Finished building: ../src/helloworld.c
 
Building target: xsdk_tsp.elf
Invoking: ARM v7 gcc linker
arm-none-eabi-gcc -mcpu=cortex-a9 -mfpu=vfpv3 -mfloat-abi=hard -Wl,-build-id=none -specs=Xilinx.spec -Wl,-T -Wl,../src/lscript.ld -L../../xsdk_tsp_bsp/ps7_cortexa9_0/lib -o "xsdk_tsp.elf"  ./src/helloworld.o ./src/platform.o   -Wl,--start-group,-lxil,-lgcc,-lc,--end-group
Finished building target: xsdk_tsp.elf
 
Invoking: ARM v7 Print Size
arm-none-eabi-size xsdk_tsp.elf  |tee "xsdk_tsp.elf.size"
   text	   data	    bss	    dec	    hex	filename
  82540	   2592	  23376	 108508	  1a7dc	xsdk_tsp.elf
Finished building: xsdk_tsp.elf.size
 
15:08:19 **** Auto Build of configuration Debug for project xsdk_tsp ****
make pre-build main-build 
a9-linaro-pre-build-step
 
Building file: ../src/helloworld.c
Invoking: ARM v7 gcc compiler
arm-none-eabi-gcc -Wall -O0 -g3 -c -fmessage-length=0 -MT"src/helloworld.o" -mcpu=cortex-a9 -mfpu=vfpv3 -mfloat-abi=hard -I../../xsdk_tsp_bsp/ps7_cortexa9_0/include -MMD -MP -MF"src/helloworld.d" -MT"src/helloworld.o" -o "src/helloworld.o" "../src/helloworld.c"
../src/helloworld.c: In function 'main':
../src/helloworld.c:147:33: warning: passing argument 2 of 'XCost_func_Set_itemValor' makes integer from pointer without a cast [-Wint-conversion]
  XCost_func_Set_itemValor(&xfe, itemValor);
                                 ^~~~~~~~~
In file included from ../src/helloworld.c:50:0:
../../xsdk_tsp_bsp/ps7_cortexa9_0/include/xcost_func.h:102:6: note: expected 'u32 {aka long unsigned int}' but argument is of type 'int *'
 void XCost_func_Set_itemValor(XCost_func *InstancePtr, u32 Data);
      ^~~~~~~~~~~~~~~~~~~~~~~~
../src/helloworld.c:148:32: warning: passing argument 2 of 'XCost_func_Set_itemPeso' makes integer from pointer without a cast [-Wint-conversion]
  XCost_func_Set_itemPeso(&xfe, itemPeso);
                                ^~~~~~~~
In file included from ../src/helloworld.c:50:0:
../../xsdk_tsp_bsp/ps7_cortexa9_0/include/xcost_func.h:104:6: note: expected 'u32 {aka long unsigned int}' but argument is of type 'int *'
 void XCost_func_Set_itemPeso(XCost_func *InstancePtr, u32 Data);
      ^~~~~~~~~~~~~~~~~~~~~~~
../src/helloworld.c:150:41: warning: passing argument 2 of 'XCost_func_Set_inicioItensCidade' makes integer from pointer without a cast [-Wint-conversion]
  XCost_func_Set_inicioItensCidade(&xfe, inicioItensCidade);
                                         ^~~~~~~~~~~~~~~~~
In file included from ../src/helloworld.c:50:0:
../../xsdk_tsp_bsp/ps7_cortexa9_0/include/xcost_func.h:106:6: note: expected 'u32 {aka long unsigned int}' but argument is of type 'int *'
 void XCost_func_Set_inicioItensCidade(XCost_func *InstancePtr, u32 Data);
      ^~~~~~~~~~~~~~~~~~~~~~~~~~~~~~~~
../src/helloworld.c:151:40: warning: passing argument 2 of 'XCost_func_Set_indiceItemCidade' makes integer from pointer without a cast [-Wint-conversion]
  XCost_func_Set_indiceItemCidade(&xfe, indiceItemCidade);
                                        ^~~~~~~~~~~~~~~~
In file included from ../src/helloworld.c:50:0:
../../xsdk_tsp_bsp/ps7_cortexa9_0/include/xcost_func.h:108:6: note: expected 'u32 {aka long unsigned int}' but argument is of type 'int *'
 void XCost_func_Set_indiceItemCidade(XCost_func *InstancePtr, u32 Data);
      ^~~~~~~~~~~~~~~~~~~~~~~~~~~~~~~
../src/helloworld.c:153:30: warning: passing argument 2 of 'XCost_func_Set_pontoX' makes integer from pointer without a cast [-Wint-conversion]
  XCost_func_Set_pontoX(&xfe, pontoX);
                              ^~~~~~
In file included from ../src/helloworld.c:50:0:
../../xsdk_tsp_bsp/ps7_cortexa9_0/include/xcost_func.h:110:6: note: expected 'u32 {aka long unsigned int}' but argument is of type 'int *'
 void XCost_func_Set_pontoX(XCost_func *InstancePtr, u32 Data);
      ^~~~~~~~~~~~~~~~~~~~~
../src/helloworld.c:154:30: warning: passing argument 2 of 'XCost_func_Set_pontoY' makes integer from pointer without a cast [-Wint-conversion]
  XCost_func_Set_pontoY(&xfe, pontoY);
                              ^~~~~~
In file included from ../src/helloworld.c:50:0:
../../xsdk_tsp_bsp/ps7_cortexa9_0/include/xcost_func.h:112:6: note: expected 'u32 {aka long unsigned int}' but argument is of type 'int *'
 void XCost_func_Set_pontoY(XCost_func *InstancePtr, u32 Data);
      ^~~~~~~~~~~~~~~~~~~~~
../src/helloworld.c:156:32: warning: passing argument 2 of 'XCost_func_Set_percurso' makes integer from pointer without a cast [-Wint-conversion]
  XCost_func_Set_percurso(&xfe, percurso);
                                ^~~~~~~~
In file included from ../src/helloworld.c:50:0:
../../xsdk_tsp_bsp/ps7_cortexa9_0/include/xcost_func.h:114:6: note: expected 'u32 {aka long unsigned int}' but argument is of type 'int *'
 void XCost_func_Set_percurso(XCost_func *InstancePtr, u32 Data);
      ^~~~~~~~~~~~~~~~~~~~~~~
../src/helloworld.c:157:31: warning: passing argument 2 of 'XCost_func_Set_mochila' makes integer from pointer without a cast [-Wint-conversion]
  XCost_func_Set_mochila(&xfe, mochila);
                               ^~~~~~~
In file included from ../src/helloworld.c:50:0:
../../xsdk_tsp_bsp/ps7_cortexa9_0/include/xcost_func.h:116:6: note: expected 'u32 {aka long unsigned int}' but argument is of type 'int *'
 void XCost_func_Set_mochila(XCost_func *InstancePtr, u32 Data);
      ^~~~~~~~~~~~~~~~~~~~~~
../src/helloworld.c:178:37: warning: implicit declaration of function 'XCost_func_get_resultado_vld' [-Wimplicit-function-declaration]
  while (!XCost_func_IsDone(&xfe) && XCost_func_get_resultado_vld(&xfe));
                                     ^~~~~~~~~~~~~~~~~~~~~~~~~~~~
Finished building: ../src/helloworld.c
 
Building target: xsdk_tsp.elf
Invoking: ARM v7 gcc linker
arm-none-eabi-gcc -mcpu=cortex-a9 -mfpu=vfpv3 -mfloat-abi=hard -Wl,-build-id=none -specs=Xilinx.spec -Wl,-T -Wl,../src/lscript.ld -L../../xsdk_tsp_bsp/ps7_cortexa9_0/lib -o "xsdk_tsp.elf"  ./src/helloworld.o ./src/platform.o   -Wl,--start-group,-lxil,-lgcc,-lc,--end-group
./src/helloworld.o: In function `main':
/home/rodolfo/workspaces/xsdk_tsp/xsdk_tsp/Debug/../src/helloworld.c:178: undefined reference to `XCost_func_get_resultado_vld'
collect2: error: ld returned 1 exit status
make: *** [xsdk_tsp.elf] Error 1
15:08:35 **** Auto Build of configuration Debug for project xsdk_tsp ****
make pre-build main-build 
a9-linaro-pre-build-step
 
Building file: ../src/helloworld.c
Invoking: ARM v7 gcc compiler
arm-none-eabi-gcc -Wall -O0 -g3 -c -fmessage-length=0 -MT"src/helloworld.o" -mcpu=cortex-a9 -mfpu=vfpv3 -mfloat-abi=hard -I../../xsdk_tsp_bsp/ps7_cortexa9_0/include -MMD -MP -MF"src/helloworld.d" -MT"src/helloworld.o" -o "src/helloworld.o" "../src/helloworld.c"
../src/helloworld.c: In function 'main':
../src/helloworld.c:147:33: warning: passing argument 2 of 'XCost_func_Set_itemValor' makes integer from pointer without a cast [-Wint-conversion]
  XCost_func_Set_itemValor(&xfe, itemValor);
                                 ^~~~~~~~~
In file included from ../src/helloworld.c:50:0:
../../xsdk_tsp_bsp/ps7_cortexa9_0/include/xcost_func.h:102:6: note: expected 'u32 {aka long unsigned int}' but argument is of type 'int *'
 void XCost_func_Set_itemValor(XCost_func *InstancePtr, u32 Data);
      ^~~~~~~~~~~~~~~~~~~~~~~~
../src/helloworld.c:148:32: warning: passing argument 2 of 'XCost_func_Set_itemPeso' makes integer from pointer without a cast [-Wint-conversion]
  XCost_func_Set_itemPeso(&xfe, itemPeso);
                                ^~~~~~~~
In file included from ../src/helloworld.c:50:0:
../../xsdk_tsp_bsp/ps7_cortexa9_0/include/xcost_func.h:104:6: note: expected 'u32 {aka long unsigned int}' but argument is of type 'int *'
 void XCost_func_Set_itemPeso(XCost_func *InstancePtr, u32 Data);
      ^~~~~~~~~~~~~~~~~~~~~~~
../src/helloworld.c:150:41: warning: passing argument 2 of 'XCost_func_Set_inicioItensCidade' makes integer from pointer without a cast [-Wint-conversion]
  XCost_func_Set_inicioItensCidade(&xfe, inicioItensCidade);
                                         ^~~~~~~~~~~~~~~~~
In file included from ../src/helloworld.c:50:0:
../../xsdk_tsp_bsp/ps7_cortexa9_0/include/xcost_func.h:106:6: note: expected 'u32 {aka long unsigned int}' but argument is of type 'int *'
 void XCost_func_Set_inicioItensCidade(XCost_func *InstancePtr, u32 Data);
      ^~~~~~~~~~~~~~~~~~~~~~~~~~~~~~~~
../src/helloworld.c:151:40: warning: passing argument 2 of 'XCost_func_Set_indiceItemCidade' makes integer from pointer without a cast [-Wint-conversion]
  XCost_func_Set_indiceItemCidade(&xfe, indiceItemCidade);
                                        ^~~~~~~~~~~~~~~~
In file included from ../src/helloworld.c:50:0:
../../xsdk_tsp_bsp/ps7_cortexa9_0/include/xcost_func.h:108:6: note: expected 'u32 {aka long unsigned int}' but argument is of type 'int *'
 void XCost_func_Set_indiceItemCidade(XCost_func *InstancePtr, u32 Data);
      ^~~~~~~~~~~~~~~~~~~~~~~~~~~~~~~
../src/helloworld.c:153:30: warning: passing argument 2 of 'XCost_func_Set_pontoX' makes integer from pointer without a cast [-Wint-conversion]
  XCost_func_Set_pontoX(&xfe, pontoX);
                              ^~~~~~
In file included from ../src/helloworld.c:50:0:
../../xsdk_tsp_bsp/ps7_cortexa9_0/include/xcost_func.h:110:6: note: expected 'u32 {aka long unsigned int}' but argument is of type 'int *'
 void XCost_func_Set_pontoX(XCost_func *InstancePtr, u32 Data);
      ^~~~~~~~~~~~~~~~~~~~~
../src/helloworld.c:154:30: warning: passing argument 2 of 'XCost_func_Set_pontoY' makes integer from pointer without a cast [-Wint-conversion]
  XCost_func_Set_pontoY(&xfe, pontoY);
                              ^~~~~~
In file included from ../src/helloworld.c:50:0:
../../xsdk_tsp_bsp/ps7_cortexa9_0/include/xcost_func.h:112:6: note: expected 'u32 {aka long unsigned int}' but argument is of type 'int *'
 void XCost_func_Set_pontoY(XCost_func *InstancePtr, u32 Data);
      ^~~~~~~~~~~~~~~~~~~~~
../src/helloworld.c:156:32: warning: passing argument 2 of 'XCost_func_Set_percurso' makes integer from pointer without a cast [-Wint-conversion]
  XCost_func_Set_percurso(&xfe, percurso);
                                ^~~~~~~~
In file included from ../src/helloworld.c:50:0:
../../xsdk_tsp_bsp/ps7_cortexa9_0/include/xcost_func.h:114:6: note: expected 'u32 {aka long unsigned int}' but argument is of type 'int *'
 void XCost_func_Set_percurso(XCost_func *InstancePtr, u32 Data);
      ^~~~~~~~~~~~~~~~~~~~~~~
../src/helloworld.c:157:31: warning: passing argument 2 of 'XCost_func_Set_mochila' makes integer from pointer without a cast [-Wint-conversion]
  XCost_func_Set_mochila(&xfe, mochila);
                               ^~~~~~~
In file included from ../src/helloworld.c:50:0:
../../xsdk_tsp_bsp/ps7_cortexa9_0/include/xcost_func.h:116:6: note: expected 'u32 {aka long unsigned int}' but argument is of type 'int *'
 void XCost_func_Set_mochila(XCost_func *InstancePtr, u32 Data);
      ^~~~~~~~~~~~~~~~~~~~~~
Finished building: ../src/helloworld.c
 
Building target: xsdk_tsp.elf
Invoking: ARM v7 gcc linker
arm-none-eabi-gcc -mcpu=cortex-a9 -mfpu=vfpv3 -mfloat-abi=hard -Wl,-build-id=none -specs=Xilinx.spec -Wl,-T -Wl,../src/lscript.ld -L../../xsdk_tsp_bsp/ps7_cortexa9_0/lib -o "xsdk_tsp.elf"  ./src/helloworld.o ./src/platform.o   -Wl,--start-group,-lxil,-lgcc,-lc,--end-group
Finished building target: xsdk_tsp.elf
 
Invoking: ARM v7 Print Size
arm-none-eabi-size xsdk_tsp.elf  |tee "xsdk_tsp.elf.size"
   text	   data	    bss	    dec	    hex	filename
  82604	   2592	  23376	 108572	  1a81c	xsdk_tsp.elf
Finished building: xsdk_tsp.elf.size
 
15:08:41 **** Auto Build of configuration Debug for project xsdk_tsp ****
make pre-build main-build 
a9-linaro-pre-build-step
 
Building file: ../src/helloworld.c
Invoking: ARM v7 gcc compiler
arm-none-eabi-gcc -Wall -O0 -g3 -c -fmessage-length=0 -MT"src/helloworld.o" -mcpu=cortex-a9 -mfpu=vfpv3 -mfloat-abi=hard -I../../xsdk_tsp_bsp/ps7_cortexa9_0/include -MMD -MP -MF"src/helloworld.d" -MT"src/helloworld.o" -o "src/helloworld.o" "../src/helloworld.c"
../src/helloworld.c: In function 'main':
../src/helloworld.c:147:33: warning: passing argument 2 of 'XCost_func_Set_itemValor' makes integer from pointer without a cast [-Wint-conversion]
  XCost_func_Set_itemValor(&xfe, itemValor);
                                 ^~~~~~~~~
In file included from ../src/helloworld.c:50:0:
../../xsdk_tsp_bsp/ps7_cortexa9_0/include/xcost_func.h:102:6: note: expected 'u32 {aka long unsigned int}' but argument is of type 'int *'
 void XCost_func_Set_itemValor(XCost_func *InstancePtr, u32 Data);
      ^~~~~~~~~~~~~~~~~~~~~~~~
../src/helloworld.c:148:32: warning: passing argument 2 of 'XCost_func_Set_itemPeso' makes integer from pointer without a cast [-Wint-conversion]
  XCost_func_Set_itemPeso(&xfe, itemPeso);
                                ^~~~~~~~
In file included from ../src/helloworld.c:50:0:
../../xsdk_tsp_bsp/ps7_cortexa9_0/include/xcost_func.h:104:6: note: expected 'u32 {aka long unsigned int}' but argument is of type 'int *'
 void XCost_func_Set_itemPeso(XCost_func *InstancePtr, u32 Data);
      ^~~~~~~~~~~~~~~~~~~~~~~
../src/helloworld.c:150:41: warning: passing argument 2 of 'XCost_func_Set_inicioItensCidade' makes integer from pointer without a cast [-Wint-conversion]
  XCost_func_Set_inicioItensCidade(&xfe, inicioItensCidade);
                                         ^~~~~~~~~~~~~~~~~
In file included from ../src/helloworld.c:50:0:
../../xsdk_tsp_bsp/ps7_cortexa9_0/include/xcost_func.h:106:6: note: expected 'u32 {aka long unsigned int}' but argument is of type 'int *'
 void XCost_func_Set_inicioItensCidade(XCost_func *InstancePtr, u32 Data);
      ^~~~~~~~~~~~~~~~~~~~~~~~~~~~~~~~
../src/helloworld.c:151:40: warning: passing argument 2 of 'XCost_func_Set_indiceItemCidade' makes integer from pointer without a cast [-Wint-conversion]
  XCost_func_Set_indiceItemCidade(&xfe, indiceItemCidade);
                                        ^~~~~~~~~~~~~~~~
In file included from ../src/helloworld.c:50:0:
../../xsdk_tsp_bsp/ps7_cortexa9_0/include/xcost_func.h:108:6: note: expected 'u32 {aka long unsigned int}' but argument is of type 'int *'
 void XCost_func_Set_indiceItemCidade(XCost_func *InstancePtr, u32 Data);
      ^~~~~~~~~~~~~~~~~~~~~~~~~~~~~~~
../src/helloworld.c:153:30: warning: passing argument 2 of 'XCost_func_Set_pontoX' makes integer from pointer without a cast [-Wint-conversion]
  XCost_func_Set_pontoX(&xfe, pontoX);
                              ^~~~~~
In file included from ../src/helloworld.c:50:0:
../../xsdk_tsp_bsp/ps7_cortexa9_0/include/xcost_func.h:110:6: note: expected 'u32 {aka long unsigned int}' but argument is of type 'int *'
 void XCost_func_Set_pontoX(XCost_func *InstancePtr, u32 Data);
      ^~~~~~~~~~~~~~~~~~~~~
../src/helloworld.c:154:30: warning: passing argument 2 of 'XCost_func_Set_pontoY' makes integer from pointer without a cast [-Wint-conversion]
  XCost_func_Set_pontoY(&xfe, pontoY);
                              ^~~~~~
In file included from ../src/helloworld.c:50:0:
../../xsdk_tsp_bsp/ps7_cortexa9_0/include/xcost_func.h:112:6: note: expected 'u32 {aka long unsigned int}' but argument is of type 'int *'
 void XCost_func_Set_pontoY(XCost_func *InstancePtr, u32 Data);
      ^~~~~~~~~~~~~~~~~~~~~
../src/helloworld.c:156:32: warning: passing argument 2 of 'XCost_func_Set_percurso' makes integer from pointer without a cast [-Wint-conversion]
  XCost_func_Set_percurso(&xfe, percurso);
                                ^~~~~~~~
In file included from ../src/helloworld.c:50:0:
[...]
 
Building target: xsdk_tsp.elf
Invoking: ARM v7 gcc linker
arm-none-eabi-gcc -mcpu=cortex-a9 -mfpu=vfpv3 -mfloat-abi=hard -Wl,-build-id=none -specs=Xilinx.spec -Wl,-T -Wl,../src/lscript.ld -L../../xsdk_tsp_bsp/ps7_cortexa9_0/lib -o "xsdk_tsp.elf"  ./src/helloworld.o ./src/platform.o   -lm -Wl,--start-group,-lxil,-lgcc,-lc,--end-group
Finished building target: xsdk_tsp.elf
 
Invoking: ARM v7 Print Size
arm-none-eabi-size xsdk_tsp.elf  |tee "xsdk_tsp.elf.size"
   text	   data	    bss	    dec	    hex	filename
  88196	   2600	  23424	 114220	  1be2c	xsdk_tsp.elf
Finished building: xsdk_tsp.elf.size
 
11:41:59 **** Incremental Build of configuration Debug for project xsdk_tsp ****
make pre-build main-build 
a9-linaro-pre-build-step
 
make: Nothing to be done for `main-build'.
11:42:14 **** Auto Build of configuration Debug for project xsdk_tsp ****
make pre-build main-build 
a9-linaro-pre-build-step
 
Building file: ../src/helloworld.c
Invoking: ARM v7 gcc compiler
arm-none-eabi-gcc -Wall -O0 -g3 -c -fmessage-length=0 -MT"src/helloworld.o" -mcpu=cortex-a9 -mfpu=vfpv3 -mfloat-abi=hard -I../../xsdk_tsp_bsp/ps7_cortexa9_0/include -MMD -MP -MF"src/helloworld.d" -MT"src/helloworld.o" -o "src/helloworld.o" "../src/helloworld.c"
Finished building: ../src/helloworld.c
 
Building target: xsdk_tsp.elf
Invoking: ARM v7 gcc linker
arm-none-eabi-gcc -mcpu=cortex-a9 -mfpu=vfpv3 -mfloat-abi=hard -Wl,-build-id=none -specs=Xilinx.spec -Wl,-T -Wl,../src/lscript.ld -L../../xsdk_tsp_bsp/ps7_cortexa9_0/lib -o "xsdk_tsp.elf"  ./src/helloworld.o ./src/platform.o   -lm -Wl,--start-group,-lxil,-lgcc,-lc,--end-group
Finished building target: xsdk_tsp.elf
 
Invoking: ARM v7 Print Size
arm-none-eabi-size xsdk_tsp.elf  |tee "xsdk_tsp.elf.size"
   text	   data	    bss	    dec	    hex	filename
  88196	   2600	  23424	 114220	  1be2c	xsdk_tsp.elf
Finished building: xsdk_tsp.elf.size
 
11:45:42 **** Auto Build of configuration Debug for project xsdk_tsp ****
make pre-build main-build 
a9-linaro-pre-build-step
 
Building file: ../src/helloworld.c
Invoking: ARM v7 gcc compiler
arm-none-eabi-gcc -Wall -O0 -g3 -c -fmessage-length=0 -MT"src/helloworld.o" -mcpu=cortex-a9 -mfpu=vfpv3 -mfloat-abi=hard -I../../xsdk_tsp_bsp/ps7_cortexa9_0/include -MMD -MP -MF"src/helloworld.d" -MT"src/helloworld.o" -o "src/helloworld.o" "../src/helloworld.c"
Finished building: ../src/helloworld.c
 
Building target: xsdk_tsp.elf
Invoking: ARM v7 gcc linker
arm-none-eabi-gcc -mcpu=cortex-a9 -mfpu=vfpv3 -mfloat-abi=hard -Wl,-build-id=none -specs=Xilinx.spec -Wl,-T -Wl,../src/lscript.ld -L../../xsdk_tsp_bsp/ps7_cortexa9_0/lib -o "xsdk_tsp.elf"  ./src/helloworld.o ./src/platform.o   -lm -Wl,--start-group,-lxil,-lgcc,-lc,--end-group
Finished building target: xsdk_tsp.elf
 
Invoking: ARM v7 Print Size
arm-none-eabi-size xsdk_tsp.elf  |tee "xsdk_tsp.elf.size"
   text	   data	    bss	    dec	    hex	filename
  88388	   2600	  23424	 114412	  1beec	xsdk_tsp.elf
Finished building: xsdk_tsp.elf.size
 
11:45:44 **** Auto Build of configuration Debug for project xsdk_tsp ****
make pre-build main-build 
a9-linaro-pre-build-step
 
Building file: ../src/helloworld.c
Invoking: ARM v7 gcc compiler
arm-none-eabi-gcc -Wall -O0 -g3 -c -fmessage-length=0 -MT"src/helloworld.o" -mcpu=cortex-a9 -mfpu=vfpv3 -mfloat-abi=hard -I../../xsdk_tsp_bsp/ps7_cortexa9_0/include -MMD -MP -MF"src/helloworld.d" -MT"src/helloworld.o" -o "src/helloworld.o" "../src/helloworld.c"
Finished building: ../src/helloworld.c
 
Building target: xsdk_tsp.elf
Invoking: ARM v7 gcc linker
arm-none-eabi-gcc -mcpu=cortex-a9 -mfpu=vfpv3 -mfloat-abi=hard -Wl,-build-id=none -specs=Xilinx.spec -Wl,-T -Wl,../src/lscript.ld -L../../xsdk_tsp_bsp/ps7_cortexa9_0/lib -o "xsdk_tsp.elf"  ./src/helloworld.o ./src/platform.o   -lm -Wl,--start-group,-lxil,-lgcc,-lc,--end-group
Finished building target: xsdk_tsp.elf
 
Invoking: ARM v7 Print Size
arm-none-eabi-size xsdk_tsp.elf  |tee "xsdk_tsp.elf.size"
   text	   data	    bss	    dec	    hex	filename
  88388	   2600	  23424	 114412	  1beec	xsdk_tsp.elf
Finished building: xsdk_tsp.elf.size
 
11:45:46 **** Incremental Build of configuration Debug for project xsdk_tsp ****
make pre-build main-build 
a9-linaro-pre-build-step
 
make: Nothing to be done for `main-build'.
11:47:10 **** Auto Build of configuration Debug for project xsdk_tsp ****
make pre-build main-build 
a9-linaro-pre-build-step
 
Building file: ../src/helloworld.c
Invoking: ARM v7 gcc compiler
arm-none-eabi-gcc -Wall -O0 -g3 -c -fmessage-length=0 -MT"src/helloworld.o" -mcpu=cortex-a9 -mfpu=vfpv3 -mfloat-abi=hard -I../../xsdk_tsp_bsp/ps7_cortexa9_0/include -MMD -MP -MF"src/helloworld.d" -MT"src/helloworld.o" -o "src/helloworld.o" "../src/helloworld.c"
../src/helloworld.c: In function 'main':
../src/helloworld.c:224:29: error: 'r' undeclared (first use in this function)
  respostaFpga = *((double*)&r);
                             ^
../src/helloworld.c:224:29: note: each undeclared identifier is reported only once for each function it appears in
make: *** [src/helloworld.o] Error 1
11:47:22 **** Auto Build of configuration Debug for project xsdk_tsp ****
make pre-build main-build 
a9-linaro-pre-build-step
 
Building file: ../src/helloworld.c
Invoking: ARM v7 gcc compiler
arm-none-eabi-gcc -Wall -O0 -g3 -c -fmessage-length=0 -MT"src/helloworld.o" -mcpu=cortex-a9 -mfpu=vfpv3 -mfloat-abi=hard -I../../xsdk_tsp_bsp/ps7_cortexa9_0/include -MMD -MP -MF"src/helloworld.d" -MT"src/helloworld.o" -o "src/helloworld.o" "../src/helloworld.c"
Finished building: ../src/helloworld.c
 
Building target: xsdk_tsp.elf
Invoking: ARM v7 gcc linker
arm-none-eabi-gcc -mcpu=cortex-a9 -mfpu=vfpv3 -mfloat-abi=hard -Wl,-build-id=none -specs=Xilinx.spec -Wl,-T -Wl,../src/lscript.ld -L../../xsdk_tsp_bsp/ps7_cortexa9_0/lib -o "xsdk_tsp.elf"  ./src/helloworld.o ./src/platform.o   -lm -Wl,--start-group,-lxil,-lgcc,-lc,--end-group
Finished building target: xsdk_tsp.elf
 
Invoking: ARM v7 Print Size
arm-none-eabi-size xsdk_tsp.elf  |tee "xsdk_tsp.elf.size"
   text	   data	    bss	    dec	    hex	filename
  88524	   2600	  23424	 114548	  1bf74	xsdk_tsp.elf
Finished building: xsdk_tsp.elf.size
 
11:47:29 **** Auto Build of configuration Debug for project xsdk_tsp ****
make pre-build main-build 
a9-linaro-pre-build-step
 
Building file: ../src/helloworld.c
Invoking: ARM v7 gcc compiler
arm-none-eabi-gcc -Wall -O0 -g3 -c -fmessage-length=0 -MT"src/helloworld.o" -mcpu=cortex-a9 -mfpu=vfpv3 -mfloat-abi=hard -I../../xsdk_tsp_bsp/ps7_cortexa9_0/include -MMD -MP -MF"src/helloworld.d" -MT"src/helloworld.o" -o "src/helloworld.o" "../src/helloworld.c"
Finished building: ../src/helloworld.c
 
Building target: xsdk_tsp.elf
Invoking: ARM v7 gcc linker
arm-none-eabi-gcc -mcpu=cortex-a9 -mfpu=vfpv3 -mfloat-abi=hard -Wl,-build-id=none -specs=Xilinx.spec -Wl,-T -Wl,../src/lscript.ld -L../../xsdk_tsp_bsp/ps7_cortexa9_0/lib -o "xsdk_tsp.elf"  ./src/helloworld.o ./src/platform.o   -lm -Wl,--start-group,-lxil,-lgcc,-lc,--end-group
Finished building target: xsdk_tsp.elf
 
Invoking: ARM v7 Print Size
arm-none-eabi-size xsdk_tsp.elf  |tee "xsdk_tsp.elf.size"
   text	   data	    bss	    dec	    hex	filename
  88524	   2600	  23424	 114548	  1bf74	xsdk_tsp.elf
Finished building: xsdk_tsp.elf.size
 
11:47:31 **** Incremental Build of configuration Debug for project xsdk_tsp ****
make pre-build main-build 
a9-linaro-pre-build-step
 
make: Nothing to be done for `main-build'.
11:48:08 **** Incremental Build of configuration Debug for project xsdk_tsp ****
make pre-build main-build 
a9-linaro-pre-build-step
 
make: Nothing to be done for `main-build'.
11:48:31 **** Incremental Build of configuration Debug for project xsdk_tsp ****
make pre-build main-build 
a9-linaro-pre-build-step
 
make: Nothing to be done for `main-build'.
11:50:24 **** Auto Build of configuration Debug for project xsdk_tsp ****
make pre-build main-build 
a9-linaro-pre-build-step
 
Building file: ../src/helloworld.c
Invoking: ARM v7 gcc compiler
arm-none-eabi-gcc -Wall -O0 -g3 -c -fmessage-length=0 -MT"src/helloworld.o" -mcpu=cortex-a9 -mfpu=vfpv3 -mfloat-abi=hard -I../../xsdk_tsp_bsp/ps7_cortexa9_0/include -MMD -MP -MF"src/helloworld.d" -MT"src/helloworld.o" -o "src/helloworld.o" "../src/helloworld.c"
Finished building: ../src/helloworld.c
 
Building target: xsdk_tsp.elf
Invoking: ARM v7 gcc linker
arm-none-eabi-gcc -mcpu=cortex-a9 -mfpu=vfpv3 -mfloat-abi=hard -Wl,-build-id=none -specs=Xilinx.spec -Wl,-T -Wl,../src/lscript.ld -L../../xsdk_tsp_bsp/ps7_cortexa9_0/lib -o "xsdk_tsp.elf"  ./src/helloworld.o ./src/platform.o   -lm -Wl,--start-group,-lxil,-lgcc,-lc,--end-group
Finished building target: xsdk_tsp.elf
 
Invoking: ARM v7 Print Size
arm-none-eabi-size xsdk_tsp.elf  |tee "xsdk_tsp.elf.size"
   text	   data	    bss	    dec	    hex	filename
  88524	   2600	  23424	 114548	  1bf74	xsdk_tsp.elf
Finished building: xsdk_tsp.elf.size
 
11:50:27 **** Incremental Build of configuration Debug for project xsdk_tsp ****
make pre-build main-build 
a9-linaro-pre-build-step
 
make: Nothing to be done for `main-build'.
11:50:50 **** Auto Build of configuration Debug for project xsdk_tsp ****
make pre-build main-build 
a9-linaro-pre-build-step
 
Building file: ../src/helloworld.c
Invoking: ARM v7 gcc compiler
arm-none-eabi-gcc -Wall -O0 -g3 -c -fmessage-length=0 -MT"src/helloworld.o" -mcpu=cortex-a9 -mfpu=vfpv3 -mfloat-abi=hard -I../../xsdk_tsp_bsp/ps7_cortexa9_0/include -MMD -MP -MF"src/helloworld.d" -MT"src/helloworld.o" -o "src/helloworld.o" "../src/helloworld.c"
Finished building: ../src/helloworld.c
 
Building target: xsdk_tsp.elf
Invoking: ARM v7 gcc linker
arm-none-eabi-gcc -mcpu=cortex-a9 -mfpu=vfpv3 -mfloat-abi=hard -Wl,-build-id=none -specs=Xilinx.spec -Wl,-T -Wl,../src/lscript.ld -L../../xsdk_tsp_bsp/ps7_cortexa9_0/lib -o "xsdk_tsp.elf"  ./src/helloworld.o ./src/platform.o   -lm -Wl,--start-group,-lxil,-lgcc,-lc,--end-group
Finished building target: xsdk_tsp.elf
 
Invoking: ARM v7 Print Size
arm-none-eabi-size xsdk_tsp.elf  |tee "xsdk_tsp.elf.size"
   text	   data	    bss	    dec	    hex	filename
  88524	   2600	  23424	 114548	  1bf74	xsdk_tsp.elf
Finished building: xsdk_tsp.elf.size
 
11:56:08 **** Auto Build of configuration Debug for project xsdk_tsp ****
make pre-build main-build 
a9-linaro-pre-build-step
 
Building file: ../src/helloworld.c
Invoking: ARM v7 gcc compiler
arm-none-eabi-gcc -Wall -O0 -g3 -c -fmessage-length=0 -MT"src/helloworld.o" -mcpu=cortex-a9 -mfpu=vfpv3 -mfloat-abi=hard -I../../xsdk_tsp_bsp/ps7_cortexa9_0/include -MMD -MP -MF"src/helloworld.d" -MT"src/helloworld.o" -o "src/helloworld.o" "../src/helloworld.c"
Finished building: ../src/helloworld.c
 
Building target: xsdk_tsp.elf
Invoking: ARM v7 gcc linker
arm-none-eabi-gcc -mcpu=cortex-a9 -mfpu=vfpv3 -mfloat-abi=hard -Wl,-build-id=none -specs=Xilinx.spec -Wl,-T -Wl,../src/lscript.ld -L../../xsdk_tsp_bsp/ps7_cortexa9_0/lib -o "xsdk_tsp.elf"  ./src/helloworld.o ./src/platform.o   -lm -Wl,--start-group,-lxil,-lgcc,-lc,--end-group
Finished building target: xsdk_tsp.elf
 
Invoking: ARM v7 Print Size
arm-none-eabi-size xsdk_tsp.elf  |tee "xsdk_tsp.elf.size"
   text	   data	    bss	    dec	    hex	filename
  88524	   2600	  23424	 114548	  1bf74	xsdk_tsp.elf
Finished building: xsdk_tsp.elf.size
 
12:55:02 **** Incremental Build of configuration Debug for project xsdk_tsp ****
make pre-build main-build 
a9-linaro-pre-build-step
 
make: Nothing to be done for `main-build'.
20:59:38 **** Auto Build of configuration Debug for project xsdk_tsp ****
make pre-build main-build 
a9-linaro-pre-build-step
 
Building file: ../src/helloworld.c
Invoking: ARM v7 gcc compiler
arm-none-eabi-gcc -Wall -O0 -g3 -c -fmessage-length=0 -MT"src/helloworld.o" -mcpu=cortex-a9 -mfpu=vfpv3 -mfloat-abi=hard -I../../xsdk_tsp_bsp/ps7_cortexa9_0/include -MMD -MP -MF"src/helloworld.d" -MT"src/helloworld.o" -o "src/helloworld.o" "../src/helloworld.c"
Finished building: ../src/helloworld.c
 
Building target: xsdk_tsp.elf
Invoking: ARM v7 gcc linker
arm-none-eabi-gcc -mcpu=cortex-a9 -mfpu=vfpv3 -mfloat-abi=hard -Wl,-build-id=none -specs=Xilinx.spec -Wl,-T -Wl,../src/lscript.ld -L../../xsdk_tsp_bsp/ps7_cortexa9_0/lib -o "xsdk_tsp.elf"  ./src/helloworld.o ./src/platform.o   -lm -Wl,--start-group,-lxil,-lgcc,-lc,--end-group
Finished building target: xsdk_tsp.elf
 
Invoking: ARM v7 Print Size
arm-none-eabi-size xsdk_tsp.elf  |tee "xsdk_tsp.elf.size"
   text	   data	    bss	    dec	    hex	filename
  88332	   2600	  23424	 114356	  1beb4	xsdk_tsp.elf
Finished building: xsdk_tsp.elf.size
 
21:01:06 **** Incremental Build of configuration Debug for project xsdk_tsp ****
make pre-build main-build 
a9-linaro-pre-build-step
 
make: Nothing to be done for `main-build'.
22:42:59 **** Incremental Build of configuration Debug for project xsdk_tsp ****
make pre-build main-build 
a9-linaro-pre-build-step
 
make: Nothing to be done for `main-build'.
23:03:40 **** Incremental Build of configuration Debug for project xsdk_tsp ****
make pre-build main-build 
a9-linaro-pre-build-step
 
make: Nothing to be done for `main-build'.
23:15:37 **** Incremental Build of configuration Debug for project xsdk_tsp ****
make pre-build main-build 
a9-linaro-pre-build-step
 
make: Nothing to be done for `main-build'.
23:19:18 **** Incremental Build of configuration Debug for project xsdk_tsp ****
make pre-build main-build 
a9-linaro-pre-build-step
 
make: Nothing to be done for `main-build'.
23:22:14 **** Auto Build of configuration Debug for project xsdk_tsp ****
make pre-build main-build 
a9-linaro-pre-build-step
 
Building file: ../src/helloworld.c
Invoking: ARM v7 gcc compiler
arm-none-eabi-gcc -Wall -O0 -g3 -c -fmessage-length=0 -MT"src/helloworld.o" -mcpu=cortex-a9 -mfpu=vfpv3 -mfloat-abi=hard -I../../xsdk_tsp_bsp/ps7_cortexa9_0/include -MMD -MP -MF"src/helloworld.d" -MT"src/helloworld.o" -o "src/helloworld.o" "../src/helloworld.c"
Finished building: ../src/helloworld.c
 
Building target: xsdk_tsp.elf
Invoking: ARM v7 gcc linker
arm-none-eabi-gcc -mcpu=cortex-a9 -mfpu=vfpv3 -mfloat-abi=hard -Wl,-build-id=none -specs=Xilinx.spec -Wl,-T -Wl,../src/lscript.ld -L../../xsdk_tsp_bsp/ps7_cortexa9_0/lib -o "xsdk_tsp.elf"  ./src/helloworld.o ./src/platform.o   -lm -Wl,--start-group,-lxil,-lgcc,-lc,--end-group
Finished building target: xsdk_tsp.elf
 
Invoking: ARM v7 Print Size
arm-none-eabi-size xsdk_tsp.elf  |tee "xsdk_tsp.elf.size"
   text	   data	    bss	    dec	    hex	filename
  88332	   2600	  23424	 114356	  1beb4	xsdk_tsp.elf
Finished building: xsdk_tsp.elf.size
 
23:23:02 **** Auto Build of configuration Debug for project xsdk_tsp ****
make pre-build main-build 
a9-linaro-pre-build-step
 
Building file: ../src/helloworld.c
Invoking: ARM v7 gcc compiler
arm-none-eabi-gcc -Wall -O0 -g3 -c -fmessage-length=0 -MT"src/helloworld.o" -mcpu=cortex-a9 -mfpu=vfpv3 -mfloat-abi=hard -I../../xsdk_tsp_bsp/ps7_cortexa9_0/include -MMD -MP -MF"src/helloworld.d" -MT"src/helloworld.o" -o "src/helloworld.o" "../src/helloworld.c"
Finished building: ../src/helloworld.c
 
Building target: xsdk_tsp.elf
Invoking: ARM v7 gcc linker
arm-none-eabi-gcc -mcpu=cortex-a9 -mfpu=vfpv3 -mfloat-abi=hard -Wl,-build-id=none -specs=Xilinx.spec -Wl,-T -Wl,../src/lscript.ld -L../../xsdk_tsp_bsp/ps7_cortexa9_0/lib -o "xsdk_tsp.elf"  ./src/helloworld.o ./src/platform.o   -lm -Wl,--start-group,-lxil,-lgcc,-lc,--end-group
Finished building target: xsdk_tsp.elf
 
Invoking: ARM v7 Print Size
arm-none-eabi-size xsdk_tsp.elf  |tee "xsdk_tsp.elf.size"
   text	   data	    bss	    dec	    hex	filename
  88316	   2600	  23424	 114340	  1bea4	xsdk_tsp.elf
Finished building: xsdk_tsp.elf.size
 
23:31:32 **** Auto Build of configuration Debug for project xsdk_tsp ****
make pre-build main-build 
a9-linaro-pre-build-step
 
Building file: ../src/helloworld.c
Invoking: ARM v7 gcc compiler
arm-none-eabi-gcc -Wall -O0 -g3 -c -fmessage-length=0 -MT"src/helloworld.o" -mcpu=cortex-a9 -mfpu=vfpv3 -mfloat-abi=hard -I../../xsdk_tsp_bsp/ps7_cortexa9_0/include -MMD -MP -MF"src/helloworld.d" -MT"src/helloworld.o" -o "src/helloworld.o" "../src/helloworld.c"
Finished building: ../src/helloworld.c
 
Building target: xsdk_tsp.elf
Invoking: ARM v7 gcc linker
arm-none-eabi-gcc -mcpu=cortex-a9 -mfpu=vfpv3 -mfloat-abi=hard -Wl,-build-id=none -specs=Xilinx.spec -Wl,-T -Wl,../src/lscript.ld -L../../xsdk_tsp_bsp/ps7_cortexa9_0/lib -o "xsdk_tsp.elf"  ./src/helloworld.o ./src/platform.o   -lm -Wl,--start-group,-lxil,-lgcc,-lc,--end-group
Finished building target: xsdk_tsp.elf
 
Invoking: ARM v7 Print Size
arm-none-eabi-size xsdk_tsp.elf  |tee "xsdk_tsp.elf.size"
   text	   data	    bss	    dec	    hex	filename
  88628	   2600	  23424	 114652	  1bfdc	xsdk_tsp.elf
Finished building: xsdk_tsp.elf.size
 
23:31:48 **** Auto Build of configuration Debug for project xsdk_tsp ****
make pre-build main-build 
a9-linaro-pre-build-step
 
Building file: ../src/helloworld.c
Invoking: ARM v7 gcc compiler
arm-none-eabi-gcc -Wall -O0 -g3 -c -fmessage-length=0 -MT"src/helloworld.o" -mcpu=cortex-a9 -mfpu=vfpv3 -mfloat-abi=hard -I../../xsdk_tsp_bsp/ps7_cortexa9_0/include -MMD -MP -MF"src/helloworld.d" -MT"src/helloworld.o" -o "src/helloworld.o" "../src/helloworld.c"
Finished building: ../src/helloworld.c
 
Building target: xsdk_tsp.elf
Invoking: ARM v7 gcc linker
arm-none-eabi-gcc -mcpu=cortex-a9 -mfpu=vfpv3 -mfloat-abi=hard -Wl,-build-id=none -specs=Xilinx.spec -Wl,-T -Wl,../src/lscript.ld -L../../xsdk_tsp_bsp/ps7_cortexa9_0/lib -o "xsdk_tsp.elf"  ./src/helloworld.o ./src/platform.o   -lm -Wl,--start-group,-lxil,-lgcc,-lc,--end-group
Finished building target: xsdk_tsp.elf
 
Invoking: ARM v7 Print Size
arm-none-eabi-size xsdk_tsp.elf  |tee "xsdk_tsp.elf.size"
   text	   data	    bss	    dec	    hex	filename
  88628	   2600	  23424	 114652	  1bfdc	xsdk_tsp.elf
Finished building: xsdk_tsp.elf.size
 
23:33:17 **** Incremental Build of configuration Debug for project xsdk_tsp ****
make pre-build main-build 
a9-linaro-pre-build-step
 
make: Nothing to be done for `main-build'.
23:58:46 **** Incremental Build of configuration Debug for project xsdk_tsp ****
make pre-build main-build 
a9-linaro-pre-build-step
 
make: Nothing to be done for `main-build'.
23:59:51 **** Incremental Build of configuration Debug for project xsdk_tsp ****
make pre-build main-build 
a9-linaro-pre-build-step
 
make: Nothing to be done for `main-build'.
00:00:22 **** Auto Build of configuration Debug for project xsdk_tsp ****
make pre-build main-build 
a9-linaro-pre-build-step
 
Building file: ../src/helloworld.c
Invoking: ARM v7 gcc compiler
arm-none-eabi-gcc -Wall -O0 -g3 -c -fmessage-length=0 -MT"src/helloworld.o" -mcpu=cortex-a9 -mfpu=vfpv3 -mfloat-abi=hard -I../../xsdk_tsp_bsp/ps7_cortexa9_0/include -MMD -MP -MF"src/helloworld.d" -MT"src/helloworld.o" -o "src/helloworld.o" "../src/helloworld.c"
Finished building: ../src/helloworld.c
 
Building target: xsdk_tsp.elf
Invoking: ARM v7 gcc linker
arm-none-eabi-gcc -mcpu=cortex-a9 -mfpu=vfpv3 -mfloat-abi=hard -Wl,-build-id=none -specs=Xilinx.spec -Wl,-T -Wl,../src/lscript.ld -L../../xsdk_tsp_bsp/ps7_cortexa9_0/lib -o "xsdk_tsp.elf"  ./src/helloworld.o ./src/platform.o   -lm -Wl,--start-group,-lxil,-lgcc,-lc,--end-group
Finished building target: xsdk_tsp.elf
 
Invoking: ARM v7 Print Size
arm-none-eabi-size xsdk_tsp.elf  |tee "xsdk_tsp.elf.size"
   text	   data	    bss	    dec	    hex	filename
  88332	   2600	  23424	 114356	  1beb4	xsdk_tsp.elf
Finished building: xsdk_tsp.elf.size
 
00:00:34 **** Incremental Build of configuration Debug for project xsdk_tsp ****
make pre-build main-build 
a9-linaro-pre-build-step
 
make: Nothing to be done for `main-build'.
22:01:28 **** Incremental Build of configuration Debug for project xsdk_tsp ****
make pre-build main-build 
a9-linaro-pre-build-step
 
make: Nothing to be done for `main-build'.
22:02:11 **** Incremental Build of configuration Debug for project xsdk_tsp ****
make pre-build main-build 
a9-linaro-pre-build-step
 
make: Nothing to be done for `main-build'.
